EVA2_6_INNER_JOIN
 MySQL  SQL > \connect --mc root@localhost
Creating a Classic session to 'root@localhost'
Fetching global names for auto-completion... Press ^C to stop.
Your MySQL connection id is 35
Server version: 8.0.43 MySQL Community Server - GPL
No default schema selected; type \use <schema> to set one.
 MySQL  localhost:3306 ssl  SQL > use sakila;
Default schema set to `sakila`.
Fetching global names, object names from `sakila` for auto-completion... Press ^C to stop.
 MySQL  localhost:3306 ssl  sakila  SQL > show tables;
+----------------------------+
| Tables_in_sakila           |
+----------------------------+
| actor                      |
| actor_info                 |
| address                    |
| category                   |
| city                       |
| country                    |
| customer                   |
| customer_list              |
| film                       |
| film_actor                 |
| film_category              |
| film_list                  |
| film_text                  |
| inventory                  |
| language                   |
| nicer_but_slower_film_list |
| payment                    |
| rental                     |
| sales_by_film_category     |
| sales_by_store             |
| staff                      |
| staff_list                 |
| store                      |
+----------------------------+
23 rows in set (0.0087 sec)
 MySQL  localhost:3306 ssl  sakila  SQL > desc payment;
+--------------+-------------------+------+-----+-------------------+-----------------------------------------------+
| Field        | Type              | Null | Key | Default           | Extra                                         |
+--------------+-------------------+------+-----+-------------------+-----------------------------------------------+
| payment_id   | smallint unsigned | NO   | PRI | NULL              | auto_increment                                |
| customer_id  | smallint unsigned | NO   | MUL | NULL              |                                               |
| staff_id     | tinyint unsigned  | NO   | MUL | NULL              |                                               |
| rental_id    | int               | YES  | MUL | NULL              |                                               |
| amount       | decimal(5,2)      | NO   |     | NULL              |                                               |
| payment_date | datetime          | NO   |     | NULL              |                                               |
| last_update  | timestamp         | YES  |     | CURRENT_TIMESTAMP | DEFAULT_GENERATED on update CURRENT_TIMESTAMP |
+--------------+-------------------+------+-----+-------------------+-----------------------------------------------+
7 rows in set (0.0082 sec)
 MySQL  localhost:3306 ssl  sakila  SQL > select customer_id, amount from payment limit 50;
+-------------+--------+
| customer_id | amount |
+-------------+--------+
|           1 |   2.99 |
|           1 |   0.99 |
|           1 |   5.99 |
|           1 |   0.99 |
|           1 |   9.99 |
|           1 |   4.99 |
|           1 |   4.99 |
|           1 |   0.99 |
|           1 |   3.99 |
|           1 |   5.99 |
|           1 |   5.99 |
|           1 |   4.99 |
|           1 |   4.99 |
|           1 |   7.99 |
|           1 |   2.99 |
|           1 |   4.99 |
|           1 |   4.99 |
|           1 |   0.99 |
|           1 |   0.99 |
|           1 |   2.99 |
|           1 |   2.99 |
|           1 |   4.99 |
|           1 |   3.99 |
|           1 |   0.99 |
|           1 |   4.99 |
|           1 |   0.99 |
|           1 |   0.99 |
|           1 |   2.99 |
|           1 |   0.99 |
|           1 |   1.99 |
|           1 |   2.99 |
|           1 |   5.99 |
|           2 |   4.99 |
|           2 |   2.99 |
|           2 |   2.99 |
|           2 |   6.99 |
|           2 |   4.99 |
|           2 |   5.99 |
|           2 |   5.99 |
|           2 |   5.99 |
|           2 |   2.99 |
|           2 |   5.99 |
|           2 |   4.99 |
|           2 |  10.99 |
|           2 |   0.99 |
|           2 |   6.99 |
|           2 |   6.99 |
|           2 |   2.99 |
|           2 |   0.99 |
|           2 |   0.99 |
+-------------+--------+
50 rows in set (0.0130 sec)
 MySQL  localhost:3306 ssl  sakila  SQL > tabla a payment
                                       -> tabla b customer
                                       -> select b.first_name, b.last_name, a.amount from payment a
                                       -> inner join customer b
                                       -> on a.customer_id = b.customer_id
                                       -> order by b.last_name, b.first_name
                                       -> limit 100;
ERROR: 1064 (42000): You have an error in your SQL syntax; check the manual that corresponds to your MySQL server version for the right syntax to use near 'tabla a payment
tabla b customer
select b.first_name, b.last_name, a.amount from' at line 1
 MySQL  localhost:3306 ssl  sakila  SQL > select b.first_name, b.last_name, a.amount from payment a inner join customer b on a.customer_id = b.customer_id  order by b.last_name, b.first_name limit 100;
+------------+-----------+--------+
| first_name | last_name | amount |
+------------+-----------+--------+
| RAFAEL     | ABNEY     |   2.99 |
| RAFAEL     | ABNEY     |   2.99 |
| RAFAEL     | ABNEY     |   5.99 |
| RAFAEL     | ABNEY     |   4.99 |
| RAFAEL     | ABNEY     |   7.99 |
| RAFAEL     | ABNEY     |   5.99 |
| RAFAEL     | ABNEY     |   5.99 |
| RAFAEL     | ABNEY     |   6.99 |
| RAFAEL     | ABNEY     |   9.99 |
| RAFAEL     | ABNEY     |   4.99 |
| RAFAEL     | ABNEY     |   0.99 |
| RAFAEL     | ABNEY     |   4.99 |
| RAFAEL     | ABNEY     |   5.99 |
| RAFAEL     | ABNEY     |   2.99 |
| RAFAEL     | ABNEY     |   0.99 |
| RAFAEL     | ABNEY     |   2.99 |
| RAFAEL     | ABNEY     |   3.99 |
| RAFAEL     | ABNEY     |   2.99 |
| RAFAEL     | ABNEY     |   2.99 |
| RAFAEL     | ABNEY     |   4.99 |
| RAFAEL     | ABNEY     |   4.99 |
| NATHANIEL  | ADAM      |   5.99 |
| NATHANIEL  | ADAM      |   4.99 |
| NATHANIEL  | ADAM      |   4.99 |
| NATHANIEL  | ADAM      |   1.99 |
| NATHANIEL  | ADAM      |   6.99 |
| NATHANIEL  | ADAM      |   9.99 |
| NATHANIEL  | ADAM      |   6.99 |
| NATHANIEL  | ADAM      |   5.99 |
| NATHANIEL  | ADAM      |   0.99 |
| NATHANIEL  | ADAM      |   6.99 |
| NATHANIEL  | ADAM      |   3.99 |
| NATHANIEL  | ADAM      |   2.99 |
| NATHANIEL  | ADAM      |   2.99 |
| NATHANIEL  | ADAM      |   1.99 |
| NATHANIEL  | ADAM      |   4.99 |
| NATHANIEL  | ADAM      |   9.99 |
| NATHANIEL  | ADAM      |   0.99 |
| NATHANIEL  | ADAM      |   3.99 |
| NATHANIEL  | ADAM      |   2.99 |
| NATHANIEL  | ADAM      |   1.99 |
| NATHANIEL  | ADAM      |   2.99 |
| NATHANIEL  | ADAM      |   2.99 |
| NATHANIEL  | ADAM      |   2.99 |
| NATHANIEL  | ADAM      |   5.99 |
| NATHANIEL  | ADAM      |   4.99 |
| NATHANIEL  | ADAM      |   6.99 |
| NATHANIEL  | ADAM      |   8.99 |
| NATHANIEL  | ADAM      |   4.99 |
| KATHLEEN   | ADAMS     |   0.99 |
| KATHLEEN   | ADAMS     |   0.99 |
| KATHLEEN   | ADAMS     |   0.99 |
| KATHLEEN   | ADAMS     |   0.99 |
| KATHLEEN   | ADAMS     |   4.99 |
| KATHLEEN   | ADAMS     |   4.99 |
| KATHLEEN   | ADAMS     |   0.99 |
| KATHLEEN   | ADAMS     |   0.99 |
| KATHLEEN   | ADAMS     |   6.99 |
| KATHLEEN   | ADAMS     |   0.99 |
| KATHLEEN   | ADAMS     |   6.99 |
| KATHLEEN   | ADAMS     |   0.99 |
| KATHLEEN   | ADAMS     |   2.99 |
| KATHLEEN   | ADAMS     |   4.99 |
| KATHLEEN   | ADAMS     |   2.99 |
| KATHLEEN   | ADAMS     |   0.99 |
| KATHLEEN   | ADAMS     |   2.99 |
| KATHLEEN   | ADAMS     |   2.99 |
| KATHLEEN   | ADAMS     |   0.99 |
| KATHLEEN   | ADAMS     |   6.99 |
| KATHLEEN   | ADAMS     |   4.99 |
| KATHLEEN   | ADAMS     |   4.99 |
| KATHLEEN   | ADAMS     |   2.99 |
| KATHLEEN   | ADAMS     |   1.99 |
| KATHLEEN   | ADAMS     |   4.99 |
| KATHLEEN   | ADAMS     |   9.99 |
| KATHLEEN   | ADAMS     |   4.99 |
| DIANA      | ALEXANDER |   3.99 |
| DIANA      | ALEXANDER |   7.99 |
| DIANA      | ALEXANDER |   0.99 |
| DIANA      | ALEXANDER |   0.99 |
| DIANA      | ALEXANDER |   5.99 |
| DIANA      | ALEXANDER |   0.99 |
| DIANA      | ALEXANDER |   0.99 |
| DIANA      | ALEXANDER |   2.99 |
| DIANA      | ALEXANDER |   2.99 |
| DIANA      | ALEXANDER |   4.99 |
| DIANA      | ALEXANDER |   0.99 |
| DIANA      | ALEXANDER |   4.99 |
| DIANA      | ALEXANDER |   2.99 |
| DIANA      | ALEXANDER |   4.99 |
| DIANA      | ALEXANDER |   6.99 |
| DIANA      | ALEXANDER |   3.99 |
| DIANA      | ALEXANDER |   4.99 |
| DIANA      | ALEXANDER |   3.99 |
| DIANA      | ALEXANDER |   4.99 |
| DIANA      | ALEXANDER |   4.99 |
| DIANA      | ALEXANDER |   3.99 |
| DIANA      | ALEXANDER |   4.99 |
| DIANA      | ALEXANDER |   4.99 |
| DIANA      | ALEXANDER |   0.99 |
+------------+-----------+--------+
100 rows in set (0.0262 sec)
 MySQL  localhost:3306 ssl  sakila  SQL > select b.first_name, b.last_name, sum(a.amount) as total from payment a inner join customer b on a.customer_id = b.customer_id  order by b.last_name, b.first_name group by a.customer_id;
ERROR: 1064 (42000): You have an error in your SQL syntax; check the manual that corresponds to your MySQL server version for the right syntax to use near 'group by a.customer_id' at line 1
 MySQL  localhost:3306 ssl  sakila  SQL > select b.first_name, b.last_name, sum(a.amount) as total from payment a inner join customer b on a.customer_id = b.customer_id group by a.customer_id;
+-------------+--------------+--------+
| first_name  | last_name    | total  |
+-------------+--------------+--------+
| MARY        | SMITH        | 118.68 |
| PATRICIA    | JOHNSON      | 128.73 |
| LINDA       | WILLIAMS     | 135.74 |
| BARBARA     | JONES        |  81.78 |
| ELIZABETH   | BROWN        | 144.62 |
| JENNIFER    | DAVIS        |  93.72 |
| MARIA       | MILLER       | 151.67 |
| SUSAN       | WILSON       |  92.76 |
| MARGARET    | MOORE        |  89.77 |
| DOROTHY     | TAYLOR       |  99.75 |
| LISA        | ANDERSON     | 106.76 |
| NANCY       | THOMAS       | 103.72 |
| KAREN       | JACKSON      | 131.73 |
| BETTY       | WHITE        | 117.72 |
| HELEN       | HARRIS       | 134.68 |
| SANDRA      | MARTIN       | 118.72 |
| DONNA       | THOMPSON     |  98.79 |
| CAROL       | GARCIA       |  91.78 |
| RUTH        | MARTINEZ     | 125.76 |
| SHARON      | ROBINSON     | 115.70 |
| MICHELLE    | CLARK        | 155.65 |
| LAURA       | RODRIGUEZ    | 113.78 |
| SARAH       | LEWIS        | 119.70 |
| KIMBERLY    | LEE          |  95.75 |
| DEBORAH     | WALKER       | 115.71 |
| JESSICA     | HALL         | 152.66 |
| SHIRLEY     | ALLEN        | 126.69 |
| CYNTHIA     | YOUNG        | 111.68 |
| ANGELA      | HERNANDEZ    | 140.64 |
| MELISSA     | KING         | 123.66 |
| BRENDA      | WRIGHT       | 104.74 |
| AMY         | LOPEZ        | 127.71 |
| ANNA        | HILL         |  91.79 |
| REBECCA     | SCOTT        |  89.76 |
| VIRGINIA    | GREEN        | 129.68 |
| KATHLEEN    | ADAMS        |  92.73 |
| PAMELA      | BAKER        |  95.77 |
| MARTHA      | GONZALEZ     | 127.66 |
| DEBRA       | NELSON       | 141.71 |
| AMANDA      | CARTER       | 110.73 |
| STEPHANIE   | MITCHELL     | 118.75 |
| CAROLYN     | PEREZ        | 117.70 |
| CHRISTINE   | ROBERTS      |  99.76 |
| MARIE       | TURNER       | 114.74 |
| JANET       | PHILLIPS     | 127.73 |
| CATHERINE   | CAMPBELL     | 142.66 |
| FRANCES     | PARKER       | 108.78 |
| ANN         | EVANS        |  76.83 |
| JOYCE       | EDWARDS      | 130.72 |
| DIANE       | COLLINS      | 169.65 |
| ALICE       | STEWART      | 138.67 |
| JULIE       | SANCHEZ      | 107.71 |
| HEATHER     | MORRIS       | 115.70 |
| TERESA      | ROGERS       | 128.71 |
| DORIS       | REED         | 100.78 |
| GLORIA      | COOK         | 135.70 |
| EVELYN      | MORGAN       | 114.72 |
| JEAN        | BELL         | 115.73 |
| CHERYL      | MURPHY       | 133.73 |
| MILDRED     | BAILEY       |  98.75 |
| KATHERINE   | RIVERA       |  58.86 |
| JOAN        | COOPER       |  84.77 |
| ASHLEY      | RICHARDSON   | 112.75 |
| JUDITH      | COX          | 100.67 |
| ROSE        | HOWARD       | 103.78 |
| JANICE      | WARD         | 144.66 |
| KELLY       | TORRES       |  99.78 |
| NICOLE      | PETERSON     |  94.78 |
| JUDY        | GRAY         |  96.75 |
| CHRISTINA   | RAMIREZ      |  80.82 |
| KATHY       | JAMES        | 129.70 |
| THERESA     | WATSON       |  99.70 |
| BEVERLY     | BROOKS       |  97.76 |
| DENISE      | KELLY        | 103.73 |
| TAMMY       | SANDERS      | 155.59 |
| IRENE       | PRICE        |  77.77 |
| JANE        | BENNETT      | 100.72 |
| LORI        | WOOD         | 141.69 |
| RACHEL      | BARNES       |  84.78 |
| MARILYN     | ROSS         | 137.70 |
| ANDREA      | HENDERSON    |  93.78 |
| KATHRYN     | COLEMAN      | 130.74 |
| LOUISE      | JENKINS      | 101.75 |
| SARA        | PERRY        | 141.67 |
| ANNE        | POWELL       |  87.77 |
| JACQUELINE  | LONG         | 148.67 |
| WANDA       | PATTERSON    | 145.70 |
| BONNIE      | HUGHES       |  87.79 |
| JULIA       | FLORES       | 134.68 |
| RUBY        | WASHINGTON   | 110.72 |
| LOIS        | BUTLER       | 113.65 |
| TINA        | SIMMONS      | 133.72 |
| PHYLLIS     | FOSTER       |  91.77 |
| NORMA       | GONZALES     |  79.79 |
| PAULA       | BRYANT       |  77.82 |
| DIANA       | ALEXANDER    | 105.73 |
| ANNIE       | RUSSELL      |  58.82 |
| LILLIAN     | GRIFFIN      | 106.75 |
| EMILY       | DIAZ         |  91.76 |
| ROBIN       | HAYES        | 102.76 |
| PEGGY       | MYERS        |  96.76 |
| CRYSTAL     | FORD         | 137.67 |
| GLADYS      | HAMILTON     | 146.69 |
| RITA        | GRAHAM       |  92.76 |
| DAWN        | SULLIVAN     | 120.74 |
| CONNIE      | WALLACE      | 100.77 |
| FLORENCE    | WOODS        | 126.70 |
| TRACY       | COLE         | 132.70 |
| EDNA        | WEST         | 107.74 |
| TIFFANY     | JORDAN       |  59.86 |
| CARMEN      | OWENS        |  97.74 |
| ROSA        | REYNOLDS     | 133.70 |
| CINDY       | FISHER       | 113.71 |
| GRACE       | ELLIS        | 139.67 |
| WENDY       | HARRISON     |  91.70 |
| VICTORIA    | GIBSON       | 111.73 |
| EDITH       | MCDONALD     |  71.81 |
| KIM         | CRUZ         |  82.79 |
| SHERRY      | MARSHALL     | 153.66 |
| SYLVIA      | ORTIZ        | 143.68 |
| JOSEPHINE   | GOMEZ        | 109.74 |
| THELMA      | MURRAY       | 126.68 |
| SHANNON     | FREEMAN      | 100.76 |
| SHEILA      | WELLS        |  73.82 |
| ETHEL       | WEBB         | 135.68 |
| ELLEN       | SIMPSON      | 117.72 |
| ELAINE      | STEVENS      | 107.76 |
| MARJORIE    | TUCKER       | 127.68 |
| CARRIE      | PORTER       | 124.66 |
| CHARLOTTE   | HUNTER       |  93.76 |
| MONICA      | HICKS        | 128.70 |
| ESTHER      | CRAWFORD     |  95.72 |
| PAULINE     | HENRY        |  98.73 |
| EMMA        | BOYD         |  94.77 |
| JUANITA     | MASON        | 110.70 |
| ANITA       | MORALES      |  62.85 |
| RHONDA      | KENNEDY      | 194.61 |
| HAZEL       | WARREN       | 110.66 |
| AMBER       | DIXON        | 113.73 |
| EVA         | RAMOS        |  83.82 |
| DEBBIE      | REYES        | 130.68 |
| APRIL       | BURNS        |  94.74 |
| LESLIE      | GORDON       |  89.78 |
| CLARA       | SHAW         | 195.58 |
| LUCILLE     | HOLMES       | 108.72 |
| JAMIE       | RICE         | 139.71 |
| JOANNE      | ROBERTSON    | 127.66 |
| ELEANOR     | HUNT         | 216.54 |
| VALERIE     | BLACK        | 121.74 |
| DANIELLE    | DANIELS      | 105.75 |
| MEGAN       | PALMER       |  92.73 |
| ALICIA      | MILLS        |  83.79 |
| SUZANNE     | NICHOLS      |  94.76 |
| MICHELE     | GRANT        | 130.70 |
| GAIL        | KNIGHT       | 109.75 |
| BERTHA      | FERGUSON     | 101.75 |
| DARLENE     | ROSE         | 113.69 |
| VERONICA    | STONE        | 126.68 |
| JILL        | HAWKINS      |  68.79 |
| ERIN        | DUNN         | 106.73 |
| GERALDINE   | PERKINS      | 112.70 |
| LAUREN      | HUDSON       |  71.80 |
| CATHY       | SPENCER      | 122.71 |
| JOANN       | GARDNER      |  66.84 |
| LORRAINE    | STEPHENS     |  86.79 |
| LYNN        | PAYNE        | 123.72 |
| SALLY       | PIERCE       | 119.68 |
| REGINA      | BERRY        | 135.66 |
| ERICA       | MATTHEWS     |  95.78 |
| BEATRICE    | ARNOLD       | 119.74 |
| DOLORES     | WAGNER       | 114.74 |
| BERNICE     | WILLIS       | 145.67 |
| AUDREY      | RAY          | 119.71 |
| YVONNE      | WATKINS      |  92.79 |
| ANNETTE     | OLSON        |  98.76 |
| JUNE        | CARROLL      | 173.63 |
| SAMANTHA    | DUNCAN       |  71.77 |
| MARION      | SNYDER       | 194.61 |
| DANA        | HART         | 133.71 |
| STACY       | CUNNINGHAM   |  98.77 |
| ANA         | BRADLEY      | 174.66 |
| RENEE       | LANE         |  97.74 |
| IDA         | ANDREWS      |  76.77 |
| VIVIAN      | RUIZ         |  90.77 |
| ROBERTA     | HARPER       |  84.77 |
| HOLLY       | FOX          | 114.69 |
| BRITTANY    | RILEY        | 159.72 |
| MELANIE     | ARMSTRONG    |  92.75 |
| LORETTA     | CARPENTER    |  93.78 |
| YOLANDA     | WEAVER       | 110.73 |
| JEANETTE    | GREENE       |  74.80 |
| LAURIE      | LAWRENCE     |  99.77 |
| KATIE       | ELLIOTT      | 109.75 |
| KRISTEN     | CHAVEZ       |  87.82 |
| VANESSA     | SIMS         |  86.81 |
| ALMA        | AUSTIN       | 151.65 |
| SUE         | PETERS       | 154.60 |
| ELSIE       | KELLEY       | 141.63 |
| BETH        | FRANKLIN     | 103.75 |
| JEANNE      | LAWSON       | 136.73 |
| VICKI       | FIELDS       | 108.75 |
| CARLA       | GUTIERREZ    | 103.74 |
| TARA        | RYAN         |  88.80 |
| ROSEMARY    | SCHMIDT      | 147.65 |
| EILEEN      | CARR         |  80.82 |
| TERRI       | VASQUEZ      | 126.73 |
| GERTRUDE    | CASTILLO     | 137.66 |
| LUCY        | WHEELER      |  91.74 |
| TONYA       | CHAPMAN      | 161.68 |
| ELLA        | OLIVER       | 137.69 |
| STACEY      | MONTGOMERY   | 151.66 |
| WILMA       | RICHARDS     |  91.80 |
| GINA        | WILLIAMSON   | 111.72 |
| KRISTIN     | JOHNSTON     | 116.69 |
| JESSIE      | BANKS        |  91.74 |
| NATALIE     | MEYER        |  95.77 |
| AGNES       | BISHOP       |  98.77 |
| VERA        | MCCOY        |  67.82 |
| WILLIE      | HOWELL       | 101.74 |
| CHARLENE    | ALVAREZ      | 114.73 |
| BESSIE      | MORRISON     | 132.72 |
| DELORES     | HANSEN       |  91.79 |
| MELINDA     | FERNANDEZ    |  80.83 |
| PEARL       | GARZA        |  76.78 |
| ARLENE      | HARVEY       | 120.74 |
| MAUREEN     | LITTLE       |  87.79 |
| COLLEEN     | BURTON       |  87.76 |
| ALLISON     | STANLEY      |  92.73 |
| TAMARA      | NGUYEN       |  93.75 |
| JOY         | GEORGE       | 124.67 |
| GEORGIA     | JACOBS       | 110.74 |
| CONSTANCE   | REID         |  95.75 |
| LILLIE      | KIM          |  89.77 |
| CLAUDIA     | FULLER       | 111.74 |
| JACKIE      | LYNCH        |  93.75 |
| MARCIA      | DEAN         | 175.58 |
| TANYA       | GILBERT      | 144.67 |
| NELLIE      | GARRETT      |  94.79 |
| MINNIE      | ROMERO       | 142.66 |
| MARLENE     | WELCH        | 117.74 |
| HEIDI       | LARSON       | 122.66 |
| GLENDA      | FRAZIER      | 140.68 |
| LYDIA       | BURKE        |  82.76 |
| VIOLA       | HANSON       | 129.68 |
| COURTNEY    | DAY          | 132.68 |
| MARIAN      | MENDOZA      | 107.77 |
| STELLA      | MORENO       | 104.78 |
| CAROLINE    | BOWMAN       |  50.85 |
| DORA        | MEDINA       | 107.77 |
| JO          | FOWLER       |  73.80 |
| VICKIE      | BREWER       | 120.69 |
| MATTIE      | HOFFMAN      |  64.78 |
| TERRY       | CARLSON      | 127.71 |
| MAXINE      | SILVA        | 116.68 |
| IRMA        | PEARSON      |  70.82 |
| MABEL       | HOLLAND      | 112.70 |
| MARSHA      | DOUGLAS      | 151.63 |
| MYRTLE      | FLEMING      | 110.76 |
| LENA        | JENSEN       | 168.68 |
| CHRISTY     | VARGAS       | 122.69 |
| DEANNA      | BYRD         | 107.74 |
| PATSY       | DAVIDSON     | 119.72 |
| HILDA       | HOPKINS      | 122.71 |
| GWENDOLYN   | MAY          |  98.75 |
| JENNIE      | TERRY        | 133.71 |
| NORA        | HERRERA      | 118.72 |
| MARGIE      | WADE         | 159.64 |
| NINA        | SOTO         | 123.71 |
| CASSANDRA   | WALTERS      | 129.70 |
| LEAH        | CURTIS       | 104.75 |
| PENNY       | NEAL         |  68.82 |
| KAY         | CALDWELL     |  98.80 |
| PRISCILLA   | LOWE         | 157.65 |
| NAOMI       | JENNINGS     | 152.65 |
| CAROLE      | BARNETT      | 108.70 |
| BRANDY      | GRAVES       | 122.72 |
| OLGA        | JIMENEZ      | 144.68 |
| BILLIE      | HORTON       |  88.74 |
| DIANNE      | SHELTON      | 135.69 |
| TRACEY      | BARRETT      | 118.73 |
| LEONA       | OBRIEN       |  50.86 |
| JENNY       | CASTRO       | 103.73 |
| FELICIA     | SUTTON       |  86.72 |
| SONIA       | GREGORY      | 126.72 |
| MIRIAM      | MCKINNEY     | 135.74 |
| VELMA       | LUCAS        | 117.73 |
| BECKY       | MILES        | 115.71 |
| BOBBIE      | CRAIG        |  80.76 |
| VIOLET      | RODRIQUEZ    | 142.70 |
| KRISTINA    | CHAMBERS     | 109.72 |
| TONI        | HOLT         |  95.77 |
| MISTY       | LAMBERT      | 118.73 |
| MAE         | FLETCHER     | 158.69 |
| SHELLY      | WATTS        | 113.74 |
| DAISY       | BATES        | 162.62 |
| RAMONA      | HALE         | 129.70 |
| SHERRI      | RHODES       | 128.67 |
| ERIKA       | PENA         | 101.74 |
| JAMES       | GANNON       | 131.70 |
| JOHN        | FARNSWORTH   | 137.69 |
| ROBERT      | BAUGHMAN     |  92.79 |
| MICHAEL     | SILVERMAN    | 127.71 |
| WILLIAM     | SATTERFIELD  | 100.74 |
| DAVID       | ROYAL        | 115.74 |
| RICHARD     | MCCRARY      | 109.75 |
| CHARLES     | KOWALSKI     | 138.68 |
| JOSEPH      | JOY          | 134.70 |
| THOMAS      | GRIGSBY      | 105.75 |
| CHRISTOPHER | GRECO        | 147.69 |
| DANIEL      | CABRAL       |  97.80 |
| PAUL        | TROUT        | 120.77 |
| MARK        | RINEHART     | 104.74 |
| DONALD      | MAHON        |  89.77 |
| GEORGE      | LINTON       | 131.67 |
| KENNETH     | GOODEN       |  84.83 |
| STEVEN      | CURLEY       | 132.71 |
| EDWARD      | BAUGH        | 114.72 |
| BRIAN       | WYMAN        |  52.88 |
| RONALD      | WEINER       | 132.70 |
| ANTHONY     | SCHWAB       |  71.80 |
| KEVIN       | SCHULER      | 116.78 |
| JASON       | MORRISSEY    | 128.72 |
| MATTHEW     | MAHAN        | 114.69 |
| GARY        | COY          | 103.75 |
| TIMOTHY     | BUNN         |  91.78 |
| JOSE        | ANDREW       |  96.75 |
| LARRY       | THRASHER     | 112.74 |
| JEFFREY     | SPEAR        |  90.77 |
| FRANK       | WAGGONER     | 127.68 |
| SCOTT       | SHELLEY      |  94.75 |
| ERIC        | ROBERT       | 122.73 |
| STEPHEN     | QUALLS       | 118.72 |
| ANDREW      | PURDY        | 109.73 |
| RAYMOND     | MCWHORTER    | 135.70 |
| GREGORY     | MAULDIN      |  78.77 |
| JOSHUA      | MARK         | 119.70 |
| JERRY       | JORDON       | 143.71 |
| DENNIS      | GILMAN       | 114.72 |
| WALTER      | PERRYMAN     | 127.70 |
| PATRICK     | NEWSOM       | 119.69 |
| PETER       | MENARD       | 106.77 |
| HAROLD      | MARTINO      | 130.68 |
| DOUGLAS     | GRAF         | 114.75 |
| HENRY       | BILLINGSLEY  |  73.82 |
| CARL        | ARTIS        | 106.77 |
| ARTHUR      | SIMPKINS     | 155.68 |
| RYAN        | SALISBURY    | 142.70 |
| ROGER       | QUINTANILLA  | 146.64 |
| JOE         | GILLILAND    | 138.71 |
| JUAN        | FRALEY       |  73.77 |
| JACK        | FOUST        |  89.76 |
| ALBERT      | CROUSE       |  99.77 |
| JONATHAN    | SCARBOROUGH  |  72.82 |
| JUSTIN      | NGO          | 129.64 |
| TERRY       | GRISSOM      |  72.80 |
| GERALD      | FULTZ        | 121.70 |
| KEITH       | RICO         |  89.74 |
| SAMUEL      | MARLOW       |  80.79 |
| WILLIE      | MARKHAM      | 101.75 |
| RALPH       | MADRIGAL     | 150.66 |
| LAWRENCE    | LAWTON       | 100.69 |
| NICHOLAS    | BARFIELD     | 145.68 |
| ROY         | WHITING      | 143.71 |
| BENJAMIN    | VARNEY       |  95.77 |
| BRUCE       | SCHWARZ      | 103.77 |
| BRANDON     | HUEY         | 152.63 |
| ADAM        | GOOCH        | 101.78 |
| HARRY       | ARCE         | 157.65 |
| FRED        | WHEAT        |  88.75 |
| WAYNE       | TRUONG       |  70.81 |
| BILLY       | POULIN       | 149.65 |
| STEVE       | MACKENZIE    | 158.66 |
| LOUIS       | LEONE        | 161.65 |
| JEREMY      | HURTADO      | 103.72 |
| AARON       | SELBY        | 110.76 |
| RANDY       | GAITHER      | 110.72 |
| HOWARD      | FORTNER      |  93.74 |
| EUGENE      | CULPEPPER    |  71.81 |
| CARLOS      | COUGHLIN     | 106.77 |
| RUSSELL     | BRINSON      | 136.64 |
| BOBBY       | BOUDREAU     | 106.65 |
| VICTOR      | BARKLEY      |  91.76 |
| MARTIN      | BALES        | 103.73 |
| ERNEST      | STEPP        |  89.75 |
| PHILLIP     | HOLM         | 101.74 |
| TODD        | TAN          | 117.71 |
| JESSE       | SCHILLING    | 101.74 |
| CRAIG       | MORRELL      | 124.70 |
| ALAN        | KAHN         | 124.74 |
| SHAWN       | HEATON       | 152.67 |
| CLARENCE    | GAMEZ        | 104.70 |
| SEAN        | DOUGLASS     |  91.77 |
| PHILIP      | CAUSEY       | 121.69 |
| CHRIS       | BROTHERS     |  84.78 |
| JOHNNY      | TURPIN       |  57.81 |
| EARL        | SHANKS       | 111.73 |
| JIMMY       | SCHRADER     | 105.71 |
| ANTONIO     | MEEK         |  78.84 |
| DANNY       | ISOM         |  91.79 |
| BRYAN       | HARDISON     | 124.72 |
| TONY        | CARRANZA     |  73.79 |
| LUIS        | YANEZ        |  79.80 |
| MIKE        | WAY          | 166.65 |
| STANLEY     | SCROGGINS    | 139.70 |
| LEONARD     | SCHOFIELD    | 109.68 |
| NATHAN      | RUNYON       | 122.68 |
| DALE        | RATCLIFF     | 112.73 |
| MANUEL      | MURRELL      | 116.70 |
| RODNEY      | MOELLER      | 104.77 |
| CURTIS      | IRBY         | 167.62 |
| NORMAN      | CURRIER      |  80.74 |
| ALLEN       | BUTTERFIELD  |  85.79 |
| MARVIN      | YEE          |  75.79 |
| VINCENT     | RALSTON      | 105.75 |
| GLENN       | PULLEN       |  93.77 |
| JEFFERY     | PINSON       | 121.69 |
| TRAVIS      | ESTEP        | 110.75 |
| JEFF        | EAST         | 107.70 |
| CHAD        | CARBONE      |  89.75 |
| JACOB       | LANCE        |  79.79 |
| LEE         | HAWKS        | 119.73 |
| MELVIN      | ELLINGTON    |  97.74 |
| ALFRED      | CASILLAS     | 120.74 |
| KYLE        | SPURLOCK     | 110.70 |
| FRANCIS     | SIKES        | 104.74 |
| BRADLEY     | MOTLEY       | 126.73 |
| JESUS       | MCCARTNEY    | 114.76 |
| HERBERT     | KRUGER       |  78.80 |
| FREDERICK   | ISBELL       | 105.79 |
| RAY         | HOULE        |  79.78 |
| JOEL        | FRANCISCO    |  95.77 |
| EDWIN       | BURK         | 116.77 |
| DON         | BONE         | 133.75 |
| EDDIE       | TOMLIN       | 128.73 |
| RICKY       | SHELBY       |  91.75 |
| TROY        | QUIGLEY      | 144.70 |
| RANDALL     | NEUMANN      |  99.77 |
| BARRY       | LOVELACE     | 134.67 |
| ALEXANDER   | FENNELL      | 151.64 |
| BERNARD     | COLBY        |  88.78 |
| MARIO       | CHEATHAM     | 112.72 |
| LEROY       | BUSTAMANTE   | 118.68 |
| FRANCISCO   | SKIDMORE     |  98.78 |
| MARCUS      | HIDALGO      | 115.70 |
| MICHEAL     | FORMAN       | 102.74 |
| THEODORE    | CULP         | 116.69 |
| CLIFFORD    | BOWENS       | 113.71 |
| MIGUEL      | BETANCOURT   | 135.71 |
| OSCAR       | AQUINO       |  99.80 |
| JAY         | ROBB         |  89.74 |
| JIM         | REA          | 128.67 |
| TOM         | MILNER       | 107.68 |
| CALVIN      | MARTEL       | 111.77 |
| ALEX        | GRESHAM      | 151.67 |
| JON         | WILES        |  87.76 |
| RONNIE      | RICKETTS     | 100.75 |
| BILL        | GAVIN        | 114.72 |
| LLOYD       | DOWD         |  66.81 |
| TOMMY       | COLLAZO      | 186.62 |
| LEON        | BOSTIC       | 109.75 |
| DEREK       | BLAKELY      |  97.72 |
| WARREN      | SHERROD      | 159.67 |
| DARRELL     | POWER        |  91.75 |
| JEROME      | KENYON       |  73.84 |
| FLOYD       | GANDY        |  69.83 |
| LEO         | EBERT        | 104.77 |
| ALVIN       | DELOACH      | 139.71 |
| TIM         | CARY         | 175.61 |
| WESLEY      | BULL         | 177.60 |
| GORDON      | ALLARD       | 160.68 |
| DEAN        | SAUER        | 109.73 |
| GREG        | ROBINS       | 141.70 |
| JORGE       | OLIVARES     | 134.66 |
| DUSTIN      | GILLETTE     | 100.74 |
| PEDRO       | CHESTNUT     | 103.76 |
| DERRICK     | BOURQUE      |  95.78 |
| DAN         | PAINE        | 109.78 |
| LEWIS       | LYMAN        |  86.81 |
| ZACHARY     | HITE         | 146.69 |
| COREY       | HAUSER       | 101.78 |
| HERMAN      | DEVORE       | 115.71 |
| MAURICE     | CRAWLEY      | 138.71 |
| VERNON      | CHAPA        |  88.82 |
| ROBERTO     | VU           | 139.70 |
| CLYDE       | TOBIAS       | 115.71 |
| GLEN        | TALBERT      | 113.74 |
| HECTOR      | POINDEXTER   | 119.74 |
| SHANE       | MILLARD      |  95.78 |
| RICARDO     | MEADOR       |  99.79 |
| SAM         | MCDUFFIE     | 117.76 |
| RICK        | MATTOX       | 124.73 |
| LESTER      | KRAUS        |  65.84 |
| BRENT       | HARKINS      | 112.77 |
| RAMON       | CHOATE       | 140.69 |
| CHARLIE     | BESS         | 120.74 |
| TYLER       | WREN         |  88.79 |
| GILBERT     | SLEDGE       | 129.72 |
| GENE        | SANBORN      |  97.73 |
| MARC        | OUTLAW       | 123.70 |
| REGINALD    | KINDER       | 115.72 |
| RUBEN       | GEARY        |  89.79 |
| BRETT       | CORNWELL     | 138.66 |
| ANGEL       | BARCLAY      | 115.68 |
| NATHANIEL   | ADAM         | 133.72 |
| RAFAEL      | ABNEY        |  97.79 |
| LESLIE      | SEWARD       | 152.65 |
| EDGAR       | RHOADS       |  95.75 |
| MILTON      | HOWLAND      | 127.75 |
| RAUL        | FORTIER      | 100.80 |
| BEN         | EASTER       | 122.74 |
| CHESTER     | BENNER       |  99.76 |
| CECIL       | VINES        | 115.74 |
| DUANE       | TUBBS        | 148.69 |
| FRANKLIN    | TROUTMAN     |  74.78 |
| ANDRE       | RAPP         | 126.72 |
| ELMER       | NOE          |  98.74 |
| BRAD        | MCCURDY      | 105.75 |
| GABRIEL     | HARDER       | 111.74 |
| RON         | DELUCA       | 103.77 |
| MITCHELL    | WESTMORELAND | 134.68 |
| ROLAND      | SOUTH        |  80.77 |
| ARNOLD      | HAVENS       | 167.67 |
| HARVEY      | GUAJARDO     |  93.78 |
| JARED       | ELY          |  87.81 |
| ADRIAN      | CLARY        |  74.81 |
| KARL        | SEAL         | 221.55 |
| CORY        | MEEHAN       |  81.76 |
| CLAUDE      | HERZOG       | 111.75 |
| ERIK        | GUILLEN      | 118.71 |
| DARRYL      | ASHCRAFT     |  76.77 |
| JAMIE       | WAUGH        | 118.75 |
| NEIL        | RENNER       | 152.68 |
| JESSIE      | MILAM        | 141.67 |
| CHRISTIAN   | JUNG         |  88.76 |
| JAVIER      | ELROD        | 135.68 |
| FERNANDO    | CHURCHILL    | 117.75 |
| CLINTON     | BUFORD       | 103.75 |
| TED         | BREAUX       | 117.71 |
| MATHEW      | BOLIN        |  90.78 |
| TYRONE      | ASHER        | 112.76 |
| DARREN      | WINDHAM      | 108.76 |
| LONNIE      | TIRADO       |  94.82 |
| LANCE       | PEMBERTON    |  82.78 |
| CODY        | NOLEN        |  98.78 |
| JULIO       | NOLAND       |  89.79 |
| KELLY       | KNOTT        | 103.75 |
| KURT        | EMMONS       |  99.77 |
| ALLAN       | CORNISH      |  79.81 |
| NELSON      | CHRISTENSON  |  77.80 |
| GUY         | BROWNLEE     | 159.68 |
| CLAYTON     | BARBEE       |  96.74 |
| HUGH        | WALDROP      |  90.79 |
| MAX         | PITT         | 107.76 |
| DWAYNE      | OLVERA       | 101.78 |
| DWIGHT      | LOMBARDI     |  74.83 |
| ARMANDO     | GRUBER       |  83.79 |
| FELIX       | GAFFNEY      |  73.76 |
| JIMMIE      | EGGLESTON    | 135.72 |
| EVERETT     | BANDA        | 110.72 |
| JORDAN      | ARCHULETA    | 132.70 |
| IAN         | STILL        |  96.73 |
| WALLACE     | SLONE        | 109.75 |
| KEN         | PREWITT      | 110.71 |
| BOB         | PFEIFFER     |  91.76 |
| JAIME       | NETTLES      | 126.71 |
| CASEY       | MENA         | 141.66 |
| ALFREDO     | MCADAMS      |  85.80 |
| ALBERTO     | HENNING      |  66.79 |
| DAVE        | GARDINER     | 134.68 |
| IVAN        | CROMWELL     |  99.74 |
| JOHNNIE     | CHISHOLM     | 121.76 |
| SIDNEY      | BURLESON     | 108.75 |
| BYRON       | BOX          | 120.71 |
| JULIAN      | VEST         | 109.72 |
| ISAAC       | OGLESBY      | 126.71 |
| MORRIS      | MCCARTER     | 139.66 |
| CLIFTON     | MALCOLM      | 117.73 |
| WILLARD     | LUMPKIN      |  96.78 |
| DARYL       | LARUE        | 111.73 |
| ROSS        | GREY         |  99.73 |
| VIRGIL      | WOFFORD      | 107.73 |
| ANDY        | VANHORN      | 113.75 |
| MARSHALL    | THORN        | 117.77 |
| SALVADOR    | TEEL         | 129.70 |
| PERRY       | SWAFFORD     | 117.76 |
| KIRK        | STCLAIR      |  64.81 |
| SERGIO      | STANFIELD    | 108.74 |
| MARION      | OCAMPO       | 115.71 |
| TRACY       | HERRMANN     | 129.72 |
| SETH        | HANNON       | 112.75 |
| KENT        | ARSENAULT    | 134.73 |
| TERRANCE    | ROUSH        | 111.71 |
| RENE        | MCALISTER    | 113.74 |
| EDUARDO     | HIATT        | 130.73 |
| TERRENCE    | GUNDERSON    | 117.70 |
| ENRIQUE     | FORSYTHE     |  96.72 |
| FREDDIE     | DUGGAN       |  99.75 |
| WADE        | DELVALLE     |  83.78 |
| AUSTIN      | CINTRON      |  83.81 |
+-------------+--------------+--------+
599 rows in set (0.0790 sec)
 MySQL  localhost:3306 ssl  sakila  SQL > select b.first_name, b.last_name, sum(a.amount) as total from payment a inner join customer b on a.customer_id = b.customer_id group by a.customer_id order by total;
+-------------+--------------+--------+
| first_name  | last_name    | total  |
+-------------+--------------+--------+
| CAROLINE    | BOWMAN       |  50.85 |
| LEONA       | OBRIEN       |  50.86 |
| BRIAN       | WYMAN        |  52.88 |
| JOHNNY      | TURPIN       |  57.81 |
| ANNIE       | RUSSELL      |  58.82 |
| KATHERINE   | RIVERA       |  58.86 |
| TIFFANY     | JORDAN       |  59.86 |
| ANITA       | MORALES      |  62.85 |
| MATTIE      | HOFFMAN      |  64.78 |
| KIRK        | STCLAIR      |  64.81 |
| LESTER      | KRAUS        |  65.84 |
| ALBERTO     | HENNING      |  66.79 |
| LLOYD       | DOWD         |  66.81 |
| JOANN       | GARDNER      |  66.84 |
| VERA        | MCCOY        |  67.82 |
| JILL        | HAWKINS      |  68.79 |
| PENNY       | NEAL         |  68.82 |
| FLOYD       | GANDY        |  69.83 |
| WAYNE       | TRUONG       |  70.81 |
| IRMA        | PEARSON      |  70.82 |
| SAMANTHA    | DUNCAN       |  71.77 |
| LAUREN      | HUDSON       |  71.80 |
| ANTHONY     | SCHWAB       |  71.80 |
| EDITH       | MCDONALD     |  71.81 |
| EUGENE      | CULPEPPER    |  71.81 |
| TERRY       | GRISSOM      |  72.80 |
| JONATHAN    | SCARBOROUGH  |  72.82 |
| FELIX       | GAFFNEY      |  73.76 |
| JUAN        | FRALEY       |  73.77 |
| TONY        | CARRANZA     |  73.79 |
| JO          | FOWLER       |  73.80 |
| SHEILA      | WELLS        |  73.82 |
| HENRY       | BILLINGSLEY  |  73.82 |
| JEROME      | KENYON       |  73.84 |
| FRANKLIN    | TROUTMAN     |  74.78 |
| JEANETTE    | GREENE       |  74.80 |
| ADRIAN      | CLARY        |  74.81 |
| DWIGHT      | LOMBARDI     |  74.83 |
| MARVIN      | YEE          |  75.79 |
| IDA         | ANDREWS      |  76.77 |
| DARRYL      | ASHCRAFT     |  76.77 |
| PEARL       | GARZA        |  76.78 |
| ANN         | EVANS        |  76.83 |
| IRENE       | PRICE        |  77.77 |
| NELSON      | CHRISTENSON  |  77.80 |
| PAULA       | BRYANT       |  77.82 |
| GREGORY     | MAULDIN      |  78.77 |
| HERBERT     | KRUGER       |  78.80 |
| ANTONIO     | MEEK         |  78.84 |
| RAY         | HOULE        |  79.78 |
| NORMA       | GONZALES     |  79.79 |
| JACOB       | LANCE        |  79.79 |
| LUIS        | YANEZ        |  79.80 |
| ALLAN       | CORNISH      |  79.81 |
| NORMAN      | CURRIER      |  80.74 |
| BOBBIE      | CRAIG        |  80.76 |
| ROLAND      | SOUTH        |  80.77 |
| SAMUEL      | MARLOW       |  80.79 |
| CHRISTINA   | RAMIREZ      |  80.82 |
| EILEEN      | CARR         |  80.82 |
| MELINDA     | FERNANDEZ    |  80.83 |
| CORY        | MEEHAN       |  81.76 |
| BARBARA     | JONES        |  81.78 |
| LYDIA       | BURKE        |  82.76 |
| LANCE       | PEMBERTON    |  82.78 |
| KIM         | CRUZ         |  82.79 |
| WADE        | DELVALLE     |  83.78 |
| ALICIA      | MILLS        |  83.79 |
| ARMANDO     | GRUBER       |  83.79 |
| AUSTIN      | CINTRON      |  83.81 |
| EVA         | RAMOS        |  83.82 |
| JOAN        | COOPER       |  84.77 |
| ROBERTA     | HARPER       |  84.77 |
| RACHEL      | BARNES       |  84.78 |
| CHRIS       | BROTHERS     |  84.78 |
| KENNETH     | GOODEN       |  84.83 |
| ALLEN       | BUTTERFIELD  |  85.79 |
| ALFREDO     | MCADAMS      |  85.80 |
| FELICIA     | SUTTON       |  86.72 |
| LORRAINE    | STEPHENS     |  86.79 |
| VANESSA     | SIMS         |  86.81 |
| LEWIS       | LYMAN        |  86.81 |
| COLLEEN     | BURTON       |  87.76 |
| JON         | WILES        |  87.76 |
| ANNE        | POWELL       |  87.77 |
| BONNIE      | HUGHES       |  87.79 |
| MAUREEN     | LITTLE       |  87.79 |
| JARED       | ELY          |  87.81 |
| KRISTEN     | CHAVEZ       |  87.82 |
| BILLIE      | HORTON       |  88.74 |
| FRED        | WHEAT        |  88.75 |
| CHRISTIAN   | JUNG         |  88.76 |
| BERNARD     | COLBY        |  88.78 |
| TYLER       | WREN         |  88.79 |
| TARA        | RYAN         |  88.80 |
| VERNON      | CHAPA        |  88.82 |
| KEITH       | RICO         |  89.74 |
| JAY         | ROBB         |  89.74 |
| ERNEST      | STEPP        |  89.75 |
| CHAD        | CARBONE      |  89.75 |
| REBECCA     | SCOTT        |  89.76 |
| JACK        | FOUST        |  89.76 |
| MARGARET    | MOORE        |  89.77 |
| LILLIE      | KIM          |  89.77 |
| DONALD      | MAHON        |  89.77 |
| LESLIE      | GORDON       |  89.78 |
| RUBEN       | GEARY        |  89.79 |
| JULIO       | NOLAND       |  89.79 |
| VIVIAN      | RUIZ         |  90.77 |
| JEFFREY     | SPEAR        |  90.77 |
| MATHEW      | BOLIN        |  90.78 |
| HUGH        | WALDROP      |  90.79 |
| WENDY       | HARRISON     |  91.70 |
| LUCY        | WHEELER      |  91.74 |
| JESSIE      | BANKS        |  91.74 |
| RICKY       | SHELBY       |  91.75 |
| DARRELL     | POWER        |  91.75 |
| EMILY       | DIAZ         |  91.76 |
| VICTOR      | BARKLEY      |  91.76 |
| BOB         | PFEIFFER     |  91.76 |
| PHYLLIS     | FOSTER       |  91.77 |
| SEAN        | DOUGLASS     |  91.77 |
| CAROL       | GARCIA       |  91.78 |
| TIMOTHY     | BUNN         |  91.78 |
| ANNA        | HILL         |  91.79 |
| DELORES     | HANSEN       |  91.79 |
| DANNY       | ISOM         |  91.79 |
| WILMA       | RICHARDS     |  91.80 |
| KATHLEEN    | ADAMS        |  92.73 |
| MEGAN       | PALMER       |  92.73 |
| ALLISON     | STANLEY      |  92.73 |
| MELANIE     | ARMSTRONG    |  92.75 |
| SUSAN       | WILSON       |  92.76 |
| RITA        | GRAHAM       |  92.76 |
| YVONNE      | WATKINS      |  92.79 |
| ROBERT      | BAUGHMAN     |  92.79 |
| JENNIFER    | DAVIS        |  93.72 |
| HOWARD      | FORTNER      |  93.74 |
| TAMARA      | NGUYEN       |  93.75 |
| JACKIE      | LYNCH        |  93.75 |
| CHARLOTTE   | HUNTER       |  93.76 |
| GLENN       | PULLEN       |  93.77 |
| ANDREA      | HENDERSON    |  93.78 |
| LORETTA     | CARPENTER    |  93.78 |
| HARVEY      | GUAJARDO     |  93.78 |
| APRIL       | BURNS        |  94.74 |
| SCOTT       | SHELLEY      |  94.75 |
| SUZANNE     | NICHOLS      |  94.76 |
| EMMA        | BOYD         |  94.77 |
| NICOLE      | PETERSON     |  94.78 |
| NELLIE      | GARRETT      |  94.79 |
| LONNIE      | TIRADO       |  94.82 |
| ESTHER      | CRAWFORD     |  95.72 |
| KIMBERLY    | LEE          |  95.75 |
| CONSTANCE   | REID         |  95.75 |
| EDGAR       | RHOADS       |  95.75 |
| PAMELA      | BAKER        |  95.77 |
| NATALIE     | MEYER        |  95.77 |
| TONI        | HOLT         |  95.77 |
| BENJAMIN    | VARNEY       |  95.77 |
| JOEL        | FRANCISCO    |  95.77 |
| ERICA       | MATTHEWS     |  95.78 |
| DERRICK     | BOURQUE      |  95.78 |
| SHANE       | MILLARD      |  95.78 |
| ENRIQUE     | FORSYTHE     |  96.72 |
| IAN         | STILL        |  96.73 |
| CLAYTON     | BARBEE       |  96.74 |
| JUDY        | GRAY         |  96.75 |
| JOSE        | ANDREW       |  96.75 |
| PEGGY       | MYERS        |  96.76 |
| WILLARD     | LUMPKIN      |  96.78 |
| DEREK       | BLAKELY      |  97.72 |
| GENE        | SANBORN      |  97.73 |
| CARMEN      | OWENS        |  97.74 |
| RENEE       | LANE         |  97.74 |
| MELVIN      | ELLINGTON    |  97.74 |
| BEVERLY     | BROOKS       |  97.76 |
| RAFAEL      | ABNEY        |  97.79 |
| DANIEL      | CABRAL       |  97.80 |
| PAULINE     | HENRY        |  98.73 |
| ELMER       | NOE          |  98.74 |
| MILDRED     | BAILEY       |  98.75 |
| GWENDOLYN   | MAY          |  98.75 |
| ANNETTE     | OLSON        |  98.76 |
| STACY       | CUNNINGHAM   |  98.77 |
| AGNES       | BISHOP       |  98.77 |
| FRANCISCO   | SKIDMORE     |  98.78 |
| CODY        | NOLEN        |  98.78 |
| DONNA       | THOMPSON     |  98.79 |
| KAY         | CALDWELL     |  98.80 |
| THERESA     | WATSON       |  99.70 |
| ROSS        | GREY         |  99.73 |
| IVAN        | CROMWELL     |  99.74 |
| DOROTHY     | TAYLOR       |  99.75 |
| FREDDIE     | DUGGAN       |  99.75 |
| CHRISTINE   | ROBERTS      |  99.76 |
| CHESTER     | BENNER       |  99.76 |
| LAURIE      | LAWRENCE     |  99.77 |
| ALBERT      | CROUSE       |  99.77 |
| RANDALL     | NEUMANN      |  99.77 |
| KURT        | EMMONS       |  99.77 |
| KELLY       | TORRES       |  99.78 |
| RICARDO     | MEADOR       |  99.79 |
| OSCAR       | AQUINO       |  99.80 |
| JUDITH      | COX          | 100.67 |
| LAWRENCE    | LAWTON       | 100.69 |
| JANE        | BENNETT      | 100.72 |
| WILLIAM     | SATTERFIELD  | 100.74 |
| DUSTIN      | GILLETTE     | 100.74 |
| RONNIE      | RICKETTS     | 100.75 |
| SHANNON     | FREEMAN      | 100.76 |
| CONNIE      | WALLACE      | 100.77 |
| DORIS       | REED         | 100.78 |
| RAUL        | FORTIER      | 100.80 |
| WILLIE      | HOWELL       | 101.74 |
| ERIKA       | PENA         | 101.74 |
| PHILLIP     | HOLM         | 101.74 |
| JESSE       | SCHILLING    | 101.74 |
| LOUISE      | JENKINS      | 101.75 |
| BERTHA      | FERGUSON     | 101.75 |
| WILLIE      | MARKHAM      | 101.75 |
| ADAM        | GOOCH        | 101.78 |
| COREY       | HAUSER       | 101.78 |
| DWAYNE      | OLVERA       | 101.78 |
| MICHEAL     | FORMAN       | 102.74 |
| ROBIN       | HAYES        | 102.76 |
| NANCY       | THOMAS       | 103.72 |
| JEREMY      | HURTADO      | 103.72 |
| DENISE      | KELLY        | 103.73 |
| JENNY       | CASTRO       | 103.73 |
| MARTIN      | BALES        | 103.73 |
| CARLA       | GUTIERREZ    | 103.74 |
| BETH        | FRANKLIN     | 103.75 |
| GARY        | COY          | 103.75 |
| CLINTON     | BUFORD       | 103.75 |
| KELLY       | KNOTT        | 103.75 |
| PEDRO       | CHESTNUT     | 103.76 |
| BRUCE       | SCHWARZ      | 103.77 |
| RON         | DELUCA       | 103.77 |
| ROSE        | HOWARD       | 103.78 |
| CLARENCE    | GAMEZ        | 104.70 |
| BRENDA      | WRIGHT       | 104.74 |
| MARK        | RINEHART     | 104.74 |
| FRANCIS     | SIKES        | 104.74 |
| LEAH        | CURTIS       | 104.75 |
| RODNEY      | MOELLER      | 104.77 |
| LEO         | EBERT        | 104.77 |
| STELLA      | MORENO       | 104.78 |
| JIMMY       | SCHRADER     | 105.71 |
| DIANA       | ALEXANDER    | 105.73 |
| DANIELLE    | DANIELS      | 105.75 |
| THOMAS      | GRIGSBY      | 105.75 |
| VINCENT     | RALSTON      | 105.75 |
| BRAD        | MCCURDY      | 105.75 |
| FREDERICK   | ISBELL       | 105.79 |
| BOBBY       | BOUDREAU     | 106.65 |
| ERIN        | DUNN         | 106.73 |
| LILLIAN     | GRIFFIN      | 106.75 |
| LISA        | ANDERSON     | 106.76 |
| PETER       | MENARD       | 106.77 |
| CARL        | ARTIS        | 106.77 |
| CARLOS      | COUGHLIN     | 106.77 |
| TOM         | MILNER       | 107.68 |
| JEFF        | EAST         | 107.70 |
| JULIE       | SANCHEZ      | 107.71 |
| VIRGIL      | WOFFORD      | 107.73 |
| EDNA        | WEST         | 107.74 |
| DEANNA      | BYRD         | 107.74 |
| ELAINE      | STEVENS      | 107.76 |
| MAX         | PITT         | 107.76 |
| MARIAN      | MENDOZA      | 107.77 |
| DORA        | MEDINA       | 107.77 |
| CAROLE      | BARNETT      | 108.70 |
| LUCILLE     | HOLMES       | 108.72 |
| SERGIO      | STANFIELD    | 108.74 |
| VICKI       | FIELDS       | 108.75 |
| SIDNEY      | BURLESON     | 108.75 |
| DARREN      | WINDHAM      | 108.76 |
| FRANCES     | PARKER       | 108.78 |
| LEONARD     | SCHOFIELD    | 109.68 |
| KRISTINA    | CHAMBERS     | 109.72 |
| JULIAN      | VEST         | 109.72 |
| ANDREW      | PURDY        | 109.73 |
| DEAN        | SAUER        | 109.73 |
| JOSEPHINE   | GOMEZ        | 109.74 |
| GAIL        | KNIGHT       | 109.75 |
| KATIE       | ELLIOTT      | 109.75 |
| RICHARD     | MCCRARY      | 109.75 |
| LEON        | BOSTIC       | 109.75 |
| WALLACE     | SLONE        | 109.75 |
| DAN         | PAINE        | 109.78 |
| HAZEL       | WARREN       | 110.66 |
| JUANITA     | MASON        | 110.70 |
| KYLE        | SPURLOCK     | 110.70 |
| KEN         | PREWITT      | 110.71 |
| RUBY        | WASHINGTON   | 110.72 |
| RANDY       | GAITHER      | 110.72 |
| EVERETT     | BANDA        | 110.72 |
| AMANDA      | CARTER       | 110.73 |
| YOLANDA     | WEAVER       | 110.73 |
| GEORGIA     | JACOBS       | 110.74 |
| TRAVIS      | ESTEP        | 110.75 |
| MYRTLE      | FLEMING      | 110.76 |
| AARON       | SELBY        | 110.76 |
| CYNTHIA     | YOUNG        | 111.68 |
| TERRANCE    | ROUSH        | 111.71 |
| GINA        | WILLIAMSON   | 111.72 |
| VICTORIA    | GIBSON       | 111.73 |
| EARL        | SHANKS       | 111.73 |
| DARYL       | LARUE        | 111.73 |
| CLAUDIA     | FULLER       | 111.74 |
| GABRIEL     | HARDER       | 111.74 |
| CLAUDE      | HERZOG       | 111.75 |
| CALVIN      | MARTEL       | 111.77 |
| GERALDINE   | PERKINS      | 112.70 |
| MABEL       | HOLLAND      | 112.70 |
| MARIO       | CHEATHAM     | 112.72 |
| DALE        | RATCLIFF     | 112.73 |
| LARRY       | THRASHER     | 112.74 |
| ASHLEY      | RICHARDSON   | 112.75 |
| SETH        | HANNON       | 112.75 |
| TYRONE      | ASHER        | 112.76 |
| BRENT       | HARKINS      | 112.77 |
| LOIS        | BUTLER       | 113.65 |
| DARLENE     | ROSE         | 113.69 |
| CINDY       | FISHER       | 113.71 |
| CLIFFORD    | BOWENS       | 113.71 |
| AMBER       | DIXON        | 113.73 |
| SHELLY      | WATTS        | 113.74 |
| GLEN        | TALBERT      | 113.74 |
| RENE        | MCALISTER    | 113.74 |
| ANDY        | VANHORN      | 113.75 |
| LAURA       | RODRIGUEZ    | 113.78 |
| HOLLY       | FOX          | 114.69 |
| MATTHEW     | MAHAN        | 114.69 |
| EVELYN      | MORGAN       | 114.72 |
| EDWARD      | BAUGH        | 114.72 |
| DENNIS      | GILMAN       | 114.72 |
| BILL        | GAVIN        | 114.72 |
| CHARLENE    | ALVAREZ      | 114.73 |
| MARIE       | TURNER       | 114.74 |
| DOLORES     | WAGNER       | 114.74 |
| DOUGLAS     | GRAF         | 114.75 |
| JESUS       | MCCARTNEY    | 114.76 |
| ANGEL       | BARCLAY      | 115.68 |
| SHARON      | ROBINSON     | 115.70 |
| HEATHER     | MORRIS       | 115.70 |
| MARCUS      | HIDALGO      | 115.70 |
| DEBORAH     | WALKER       | 115.71 |
| BECKY       | MILES        | 115.71 |
| HERMAN      | DEVORE       | 115.71 |
| CLYDE       | TOBIAS       | 115.71 |
| MARION      | OCAMPO       | 115.71 |
| REGINALD    | KINDER       | 115.72 |
| JEAN        | BELL         | 115.73 |
| DAVID       | ROYAL        | 115.74 |
| CECIL       | VINES        | 115.74 |
| MAXINE      | SILVA        | 116.68 |
| KRISTIN     | JOHNSTON     | 116.69 |
| THEODORE    | CULP         | 116.69 |
| MANUEL      | MURRELL      | 116.70 |
| EDWIN       | BURK         | 116.77 |
| KEVIN       | SCHULER      | 116.78 |
| CAROLYN     | PEREZ        | 117.70 |
| TERRENCE    | GUNDERSON    | 117.70 |
| TODD        | TAN          | 117.71 |
| TED         | BREAUX       | 117.71 |
| BETTY       | WHITE        | 117.72 |
| ELLEN       | SIMPSON      | 117.72 |
| VELMA       | LUCAS        | 117.73 |
| CLIFTON     | MALCOLM      | 117.73 |
| MARLENE     | WELCH        | 117.74 |
| FERNANDO    | CHURCHILL    | 117.75 |
| SAM         | MCDUFFIE     | 117.76 |
| PERRY       | SWAFFORD     | 117.76 |
| MARSHALL    | THORN        | 117.77 |
| MARY        | SMITH        | 118.68 |
| LEROY       | BUSTAMANTE   | 118.68 |
| ERIK        | GUILLEN      | 118.71 |
| SANDRA      | MARTIN       | 118.72 |
| NORA        | HERRERA      | 118.72 |
| STEPHEN     | QUALLS       | 118.72 |
| TRACEY      | BARRETT      | 118.73 |
| MISTY       | LAMBERT      | 118.73 |
| STEPHANIE   | MITCHELL     | 118.75 |
| JAMIE       | WAUGH        | 118.75 |
| SALLY       | PIERCE       | 119.68 |
| PATRICK     | NEWSOM       | 119.69 |
| SARAH       | LEWIS        | 119.70 |
| JOSHUA      | MARK         | 119.70 |
| AUDREY      | RAY          | 119.71 |
| PATSY       | DAVIDSON     | 119.72 |
| LEE         | HAWKS        | 119.73 |
| BEATRICE    | ARNOLD       | 119.74 |
| HECTOR      | POINDEXTER   | 119.74 |
| VICKIE      | BREWER       | 120.69 |
| BYRON       | BOX          | 120.71 |
| DAWN        | SULLIVAN     | 120.74 |
| ARLENE      | HARVEY       | 120.74 |
| ALFRED      | CASILLAS     | 120.74 |
| CHARLIE     | BESS         | 120.74 |
| PAUL        | TROUT        | 120.77 |
| PHILIP      | CAUSEY       | 121.69 |
| JEFFERY     | PINSON       | 121.69 |
| GERALD      | FULTZ        | 121.70 |
| VALERIE     | BLACK        | 121.74 |
| JOHNNIE     | CHISHOLM     | 121.76 |
| HEIDI       | LARSON       | 122.66 |
| NATHAN      | RUNYON       | 122.68 |
| CHRISTY     | VARGAS       | 122.69 |
| CATHY       | SPENCER      | 122.71 |
| HILDA       | HOPKINS      | 122.71 |
| BRANDY      | GRAVES       | 122.72 |
| ERIC        | ROBERT       | 122.73 |
| BEN         | EASTER       | 122.74 |
| MELISSA     | KING         | 123.66 |
| MARC        | OUTLAW       | 123.70 |
| NINA        | SOTO         | 123.71 |
| LYNN        | PAYNE        | 123.72 |
| CARRIE      | PORTER       | 124.66 |
| JOY         | GEORGE       | 124.67 |
| CRAIG       | MORRELL      | 124.70 |
| BRYAN       | HARDISON     | 124.72 |
| RICK        | MATTOX       | 124.73 |
| ALAN        | KAHN         | 124.74 |
| RUTH        | MARTINEZ     | 125.76 |
| THELMA      | MURRAY       | 126.68 |
| VERONICA    | STONE        | 126.68 |
| SHIRLEY     | ALLEN        | 126.69 |
| FLORENCE    | WOODS        | 126.70 |
| JAIME       | NETTLES      | 126.71 |
| ISAAC       | OGLESBY      | 126.71 |
| SONIA       | GREGORY      | 126.72 |
| ANDRE       | RAPP         | 126.72 |
| TERRI       | VASQUEZ      | 126.73 |
| BRADLEY     | MOTLEY       | 126.73 |
| MARTHA      | GONZALEZ     | 127.66 |
| JOANNE      | ROBERTSON    | 127.66 |
| MARJORIE    | TUCKER       | 127.68 |
| FRANK       | WAGGONER     | 127.68 |
| WALTER      | PERRYMAN     | 127.70 |
| AMY         | LOPEZ        | 127.71 |
| TERRY       | CARLSON      | 127.71 |
| MICHAEL     | SILVERMAN    | 127.71 |
| JANET       | PHILLIPS     | 127.73 |
| MILTON      | HOWLAND      | 127.75 |
| SHERRI      | RHODES       | 128.67 |
| JIM         | REA          | 128.67 |
| MONICA      | HICKS        | 128.70 |
| TERESA      | ROGERS       | 128.71 |
| JASON       | MORRISSEY    | 128.72 |
| PATRICIA    | JOHNSON      | 128.73 |
| EDDIE       | TOMLIN       | 128.73 |
| JUSTIN      | NGO          | 129.64 |
| VIRGINIA    | GREEN        | 129.68 |
| VIOLA       | HANSON       | 129.68 |
| KATHY       | JAMES        | 129.70 |
| CASSANDRA   | WALTERS      | 129.70 |
| RAMONA      | HALE         | 129.70 |
| SALVADOR    | TEEL         | 129.70 |
| GILBERT     | SLEDGE       | 129.72 |
| TRACY       | HERRMANN     | 129.72 |
| DEBBIE      | REYES        | 130.68 |
| HAROLD      | MARTINO      | 130.68 |
| MICHELE     | GRANT        | 130.70 |
| JOYCE       | EDWARDS      | 130.72 |
| EDUARDO     | HIATT        | 130.73 |
| KATHRYN     | COLEMAN      | 130.74 |
| GEORGE      | LINTON       | 131.67 |
| JAMES       | GANNON       | 131.70 |
| KAREN       | JACKSON      | 131.73 |
| COURTNEY    | DAY          | 132.68 |
| TRACY       | COLE         | 132.70 |
| RONALD      | WEINER       | 132.70 |
| JORDAN      | ARCHULETA    | 132.70 |
| STEVEN      | CURLEY       | 132.71 |
| BESSIE      | MORRISON     | 132.72 |
| ROSA        | REYNOLDS     | 133.70 |
| DANA        | HART         | 133.71 |
| JENNIE      | TERRY        | 133.71 |
| TINA        | SIMMONS      | 133.72 |
| NATHANIEL   | ADAM         | 133.72 |
| CHERYL      | MURPHY       | 133.73 |
| DON         | BONE         | 133.75 |
| JORGE       | OLIVARES     | 134.66 |
| BARRY       | LOVELACE     | 134.67 |
| HELEN       | HARRIS       | 134.68 |
| JULIA       | FLORES       | 134.68 |
| MITCHELL    | WESTMORELAND | 134.68 |
| DAVE        | GARDINER     | 134.68 |
| JOSEPH      | JOY          | 134.70 |
| KENT        | ARSENAULT    | 134.73 |
| REGINA      | BERRY        | 135.66 |
| ETHEL       | WEBB         | 135.68 |
| JAVIER      | ELROD        | 135.68 |
| DIANNE      | SHELTON      | 135.69 |
| GLORIA      | COOK         | 135.70 |
| RAYMOND     | MCWHORTER    | 135.70 |
| MIGUEL      | BETANCOURT   | 135.71 |
| JIMMIE      | EGGLESTON    | 135.72 |
| LINDA       | WILLIAMS     | 135.74 |
| MIRIAM      | MCKINNEY     | 135.74 |
| RUSSELL     | BRINSON      | 136.64 |
| JEANNE      | LAWSON       | 136.73 |
| GERTRUDE    | CASTILLO     | 137.66 |
| CRYSTAL     | FORD         | 137.67 |
| ELLA        | OLIVER       | 137.69 |
| JOHN        | FARNSWORTH   | 137.69 |
| MARILYN     | ROSS         | 137.70 |
| BRETT       | CORNWELL     | 138.66 |
| ALICE       | STEWART      | 138.67 |
| CHARLES     | KOWALSKI     | 138.68 |
| JOE         | GILLILAND    | 138.71 |
| MAURICE     | CRAWLEY      | 138.71 |
| MORRIS      | MCCARTER     | 139.66 |
| GRACE       | ELLIS        | 139.67 |
| STANLEY     | SCROGGINS    | 139.70 |
| ROBERTO     | VU           | 139.70 |
| JAMIE       | RICE         | 139.71 |
| ALVIN       | DELOACH      | 139.71 |
| ANGELA      | HERNANDEZ    | 140.64 |
| GLENDA      | FRAZIER      | 140.68 |
| RAMON       | CHOATE       | 140.69 |
| ELSIE       | KELLEY       | 141.63 |
| CASEY       | MENA         | 141.66 |
| SARA        | PERRY        | 141.67 |
| JESSIE      | MILAM        | 141.67 |
| LORI        | WOOD         | 141.69 |
| GREG        | ROBINS       | 141.70 |
| DEBRA       | NELSON       | 141.71 |
| CATHERINE   | CAMPBELL     | 142.66 |
| MINNIE      | ROMERO       | 142.66 |
| VIOLET      | RODRIQUEZ    | 142.70 |
| RYAN        | SALISBURY    | 142.70 |
| SYLVIA      | ORTIZ        | 143.68 |
| JERRY       | JORDON       | 143.71 |
| ROY         | WHITING      | 143.71 |
| ELIZABETH   | BROWN        | 144.62 |
| JANICE      | WARD         | 144.66 |
| TANYA       | GILBERT      | 144.67 |
| OLGA        | JIMENEZ      | 144.68 |
| TROY        | QUIGLEY      | 144.70 |
| BERNICE     | WILLIS       | 145.67 |
| NICHOLAS    | BARFIELD     | 145.68 |
| WANDA       | PATTERSON    | 145.70 |
| ROGER       | QUINTANILLA  | 146.64 |
| GLADYS      | HAMILTON     | 146.69 |
| ZACHARY     | HITE         | 146.69 |
| ROSEMARY    | SCHMIDT      | 147.65 |
| CHRISTOPHER | GRECO        | 147.69 |
| JACQUELINE  | LONG         | 148.67 |
| DUANE       | TUBBS        | 148.69 |
| BILLY       | POULIN       | 149.65 |
| RALPH       | MADRIGAL     | 150.66 |
| MARSHA      | DOUGLAS      | 151.63 |
| ALEXANDER   | FENNELL      | 151.64 |
| ALMA        | AUSTIN       | 151.65 |
| STACEY      | MONTGOMERY   | 151.66 |
| MARIA       | MILLER       | 151.67 |
| ALEX        | GRESHAM      | 151.67 |
| BRANDON     | HUEY         | 152.63 |
| NAOMI       | JENNINGS     | 152.65 |
| LESLIE      | SEWARD       | 152.65 |
| JESSICA     | HALL         | 152.66 |
| SHAWN       | HEATON       | 152.67 |
| NEIL        | RENNER       | 152.68 |
| SHERRY      | MARSHALL     | 153.66 |
| SUE         | PETERS       | 154.60 |
| TAMMY       | SANDERS      | 155.59 |
| MICHELLE    | CLARK        | 155.65 |
| ARTHUR      | SIMPKINS     | 155.68 |
| PRISCILLA   | LOWE         | 157.65 |
| HARRY       | ARCE         | 157.65 |
| STEVE       | MACKENZIE    | 158.66 |
| MAE         | FLETCHER     | 158.69 |
| MARGIE      | WADE         | 159.64 |
| WARREN      | SHERROD      | 159.67 |
| GUY         | BROWNLEE     | 159.68 |
| BRITTANY    | RILEY        | 159.72 |
| GORDON      | ALLARD       | 160.68 |
| LOUIS       | LEONE        | 161.65 |
| TONYA       | CHAPMAN      | 161.68 |
| DAISY       | BATES        | 162.62 |
| MIKE        | WAY          | 166.65 |
| CURTIS      | IRBY         | 167.62 |
| ARNOLD      | HAVENS       | 167.67 |
| LENA        | JENSEN       | 168.68 |
| DIANE       | COLLINS      | 169.65 |
| JUNE        | CARROLL      | 173.63 |
| ANA         | BRADLEY      | 174.66 |
| MARCIA      | DEAN         | 175.58 |
| TIM         | CARY         | 175.61 |
| WESLEY      | BULL         | 177.60 |
| TOMMY       | COLLAZO      | 186.62 |
| RHONDA      | KENNEDY      | 194.61 |
| MARION      | SNYDER       | 194.61 |
| CLARA       | SHAW         | 195.58 |
| ELEANOR     | HUNT         | 216.54 |
| KARL        | SEAL         | 221.55 |
+-------------+--------------+--------+
599 rows in set (0.0531 sec)
 MySQL  localhost:3306 ssl  sakila  SQL > show tables;
+----------------------------+
| Tables_in_sakila           |
+----------------------------+
| actor                      |
| actor_info                 |
| address                    |
| category                   |
| city                       |
| country                    |
| customer                   |
| customer_list              |
| film                       |
| film_actor                 |
| film_category              |
| film_list                  |
| film_text                  |
| inventory                  |
| language                   |
| nicer_but_slower_film_list |
| payment                    |
| rental                     |
| sales_by_film_category     |
| sales_by_store             |
| staff                      |
| staff_list                 |
| store                      |
+----------------------------+
23 rows in set (0.0024 sec)
 MySQL  localhost:3306 ssl  sakila  SQL > select b.first_name, b.last_name, d.title
                                       -> from rental a
                                       -> inner join customer b on a.customer_id = b.customer_id
                                       -> inner join inventory c on a.inventory_id = c.inventory_id
                                       -> inner join film d on c.film_id = d.film_id
                                       -> limit 100;
+------------+-------------+------------------+
| first_name | last_name   | title            |
+------------+-------------+------------------+
| JOEL       | FRANCISCO   | ACADEMY DINOSAUR |
| GABRIEL    | HARDER      | ACADEMY DINOSAUR |
| DIANNE     | SHELTON     | ACADEMY DINOSAUR |
| NORMAN     | CURRIER     | ACADEMY DINOSAUR |
| BEATRICE   | ARNOLD      | ACADEMY DINOSAUR |
| GERALDINE  | PERKINS     | ACADEMY DINOSAUR |
| VIRGIL     | WOFFORD     | ACADEMY DINOSAUR |
| WILLIE     | MARKHAM     | ACADEMY DINOSAUR |
| DEBRA      | NELSON      | ACADEMY DINOSAUR |
| DARREN     | WINDHAM     | ACADEMY DINOSAUR |
| ROBERT     | BAUGHMAN    | ACADEMY DINOSAUR |
| HENRY      | BILLINGSLEY | ACADEMY DINOSAUR |
| SERGIO     | STANFIELD   | ACADEMY DINOSAUR |
| FREDDIE    | DUGGAN      | ACADEMY DINOSAUR |
| MARIE      | TURNER      | ACADEMY DINOSAUR |
| MATTIE     | HOFFMAN     | ACADEMY DINOSAUR |
| DWAYNE     | OLVERA      | ACADEMY DINOSAUR |
| CARL       | ARTIS       | ACADEMY DINOSAUR |
| NATHAN     | RUNYON      | ACADEMY DINOSAUR |
| HECTOR     | POINDEXTER  | ACADEMY DINOSAUR |
| TINA       | SIMMONS     | ACADEMY DINOSAUR |
| SUSAN      | WILSON      | ACADEMY DINOSAUR |
| REBECCA    | SCOTT       | ACADEMY DINOSAUR |
| PENNY      | NEAL        | ACE GOLDFINGER   |
| BRANDON    | HUEY        | ACE GOLDFINGER   |
| LUCILLE    | HOLMES      | ACE GOLDFINGER   |
| KATHRYN    | COLEMAN     | ACE GOLDFINGER   |
| AMBER      | DIXON       | ACE GOLDFINGER   |
| STACY      | CUNNINGHAM  | ACE GOLDFINGER   |
| JESSIE     | MILAM       | ACE GOLDFINGER   |
| PEARL      | GARZA       | ADAPTATION HOLES |
| TRAVIS     | ESTEP       | ADAPTATION HOLES |
| STELLA     | MORENO      | ADAPTATION HOLES |
| CASSANDRA  | WALTERS     | ADAPTATION HOLES |
| DEBORAH    | WALKER      | ADAPTATION HOLES |
| ROBIN      | HAYES       | ADAPTATION HOLES |
| OLGA       | JIMENEZ     | ADAPTATION HOLES |
| MARY       | SMITH       | ADAPTATION HOLES |
| ROSE       | HOWARD      | ADAPTATION HOLES |
| JOANNE     | ROBERTSON   | ADAPTATION HOLES |
| STEVEN     | CURLEY      | ADAPTATION HOLES |
| MARION     | SNYDER      | ADAPTATION HOLES |
| VIVIAN     | RUIZ        | AFFAIR PREJUDICE |
| NINA       | SOTO        | AFFAIR PREJUDICE |
| JORDAN     | ARCHULETA   | AFFAIR PREJUDICE |
| DANIELLE   | DANIELS     | AFFAIR PREJUDICE |
| SUE        | PETERS      | AFFAIR PREJUDICE |
| MICHAEL    | SILVERMAN   | AFFAIR PREJUDICE |
| JEFF       | EAST        | AFFAIR PREJUDICE |
| MEGAN      | PALMER      | AFFAIR PREJUDICE |
| ELEANOR    | HUNT        | AFFAIR PREJUDICE |
| NATALIE    | MEYER       | AFFAIR PREJUDICE |
| TOMMY      | COLLAZO     | AFFAIR PREJUDICE |
| MINNIE     | ROMERO      | AFFAIR PREJUDICE |
| CARMEN     | OWENS       | AFFAIR PREJUDICE |
| DEANNA     | BYRD        | AFFAIR PREJUDICE |
| KIMBERLY   | LEE         | AFFAIR PREJUDICE |
| BEVERLY    | BROOKS      | AFFAIR PREJUDICE |
| JIMMY      | SCHRADER    | AFFAIR PREJUDICE |
| JANICE     | WARD        | AFFAIR PREJUDICE |
| RUBEN      | GEARY       | AFFAIR PREJUDICE |
| CARMEN     | OWENS       | AFFAIR PREJUDICE |
| WALLACE    | SLONE       | AFFAIR PREJUDICE |
| OSCAR      | AQUINO      | AFFAIR PREJUDICE |
| JEROME     | KENYON      | AFFAIR PREJUDICE |
| CONNIE     | WALLACE     | AFRICAN EGG      |
| RICARDO    | MEADOR      | AFRICAN EGG      |
| BARRY      | LOVELACE    | AFRICAN EGG      |
| CASEY      | MENA        | AFRICAN EGG      |
| JOSHUA     | MARK        | AFRICAN EGG      |
| CURTIS     | IRBY        | AFRICAN EGG      |
| NORA       | HERRERA     | AFRICAN EGG      |
| AMY        | LOPEZ       | AFRICAN EGG      |
| ELAINE     | STEVENS     | AFRICAN EGG      |
| GILBERT    | SLEDGE      | AFRICAN EGG      |
| JOYCE      | EDWARDS     | AFRICAN EGG      |
| SETH       | HANNON      | AFRICAN EGG      |
| CLARENCE   | GAMEZ       | AGENT TRUMAN     |
| JANET      | PHILLIPS    | AGENT TRUMAN     |
| LESLIE     | SEWARD      | AGENT TRUMAN     |
| PERRY      | SWAFFORD    | AGENT TRUMAN     |
| IDA        | ANDREWS     | AGENT TRUMAN     |
| CATHERINE  | CAMPBELL    | AGENT TRUMAN     |
| TERRY      | GRISSOM     | AGENT TRUMAN     |
| BETTY      | WHITE       | AGENT TRUMAN     |
| ALAN       | KAHN        | AGENT TRUMAN     |
| ELIZABETH  | BROWN       | AGENT TRUMAN     |
| TONYA      | CHAPMAN     | AGENT TRUMAN     |
| TRACY      | COLE        | AGENT TRUMAN     |
| DIANE      | COLLINS     | AGENT TRUMAN     |
| CORY       | MEEHAN      | AGENT TRUMAN     |
| MAURICE    | CRAWLEY     | AGENT TRUMAN     |
| GINA       | WILLIAMSON  | AGENT TRUMAN     |
| ANTHONY    | SCHWAB      | AGENT TRUMAN     |
| CLINTON    | BUFORD      | AGENT TRUMAN     |
| KRISTIN    | JOHNSTON    | AGENT TRUMAN     |
| ROSEMARY   | SCHMIDT     | AGENT TRUMAN     |
| MARTHA     | GONZALEZ    | AGENT TRUMAN     |
| FRED       | WHEAT       | AIRPLANE SIERRA  |
| DEAN       | SAUER       | AIRPLANE SIERRA  |
+------------+-------------+------------------+
100 rows in set (0.0471 sec)
 MySQL  localhost:3306 ssl  sakila  SQL > select a.title, b.name as "lenguage", d.first_name, d.last_name from film a inner join language b on a.language_id = b.language_id inner join film_actor c on a.film_id = c.film_id inner join actor d on c.actor_id = d.actor_id limit 100;
+------------------+----------+-------------+-------------+
| title            | lenguage | first_name  | last_name   |
+------------------+----------+-------------+-------------+
| ACADEMY DINOSAUR | English  | PENELOPE    | GUINESS     |
| ACADEMY DINOSAUR | English  | CHRISTIAN   | GABLE       |
| ACADEMY DINOSAUR | English  | LUCILLE     | TRACY       |
| ACADEMY DINOSAUR | English  | SANDRA      | PECK        |
| ACADEMY DINOSAUR | English  | JOHNNY      | CAGE        |
| ACADEMY DINOSAUR | English  | MENA        | TEMPLE      |
| ACADEMY DINOSAUR | English  | WARREN      | NOLTE       |
| ACADEMY DINOSAUR | English  | OPRAH       | KILMER      |
| ACADEMY DINOSAUR | English  | ROCK        | DUKAKIS     |
| ACADEMY DINOSAUR | English  | MARY        | KEITEL      |
| ACE GOLDFINGER   | English  | BOB         | FAWCETT     |
| ACE GOLDFINGER   | English  | MINNIE      | ZELLWEGER   |
| ACE GOLDFINGER   | English  | SEAN        | GUINESS     |
| ACE GOLDFINGER   | English  | CHRIS       | DEPP        |
| ADAPTATION HOLES | English  | NICK        | WAHLBERG    |
| ADAPTATION HOLES | English  | BOB         | FAWCETT     |
| ADAPTATION HOLES | English  | CAMERON     | STREEP      |
| ADAPTATION HOLES | English  | RAY         | JOHANSSON   |
| ADAPTATION HOLES | English  | JULIANNE    | DENCH       |
| AFFAIR PREJUDICE | English  | JODIE       | DEGENERES   |
| AFFAIR PREJUDICE | English  | SCARLETT    | DAMON       |
| AFFAIR PREJUDICE | English  | KENNETH     | PESCI       |
| AFFAIR PREJUDICE | English  | FAY         | WINSLET     |
| AFFAIR PREJUDICE | English  | OPRAH       | KILMER      |
| AFRICAN EGG      | English  | GARY        | PHOENIX     |
| AFRICAN EGG      | English  | DUSTIN      | TAUTOU      |
| AFRICAN EGG      | English  | MATTHEW     | LEIGH       |
| AFRICAN EGG      | English  | MATTHEW     | CARREY      |
| AFRICAN EGG      | English  | THORA       | TEMPLE      |
| AGENT TRUMAN     | English  | KIRSTEN     | PALTROW     |
| AGENT TRUMAN     | English  | SANDRA      | KILMER      |
| AGENT TRUMAN     | English  | JAYNE       | NEESON      |
| AGENT TRUMAN     | English  | WARREN      | NOLTE       |
| AGENT TRUMAN     | English  | MORGAN      | WILLIAMS    |
| AGENT TRUMAN     | English  | KENNETH     | HOFFMAN     |
| AGENT TRUMAN     | English  | REESE       | WEST        |
| AIRPLANE SIERRA  | English  | JIM         | MOSTEL      |
| AIRPLANE SIERRA  | English  | RICHARD     | PENN        |
| AIRPLANE SIERRA  | English  | OPRAH       | KILMER      |
| AIRPLANE SIERRA  | English  | MENA        | HOPPER      |
| AIRPLANE SIERRA  | English  | MICHAEL     | BOLGER      |
| AIRPORT POLLOCK  | English  | FAY         | KILMER      |
| AIRPORT POLLOCK  | English  | GENE        | WILLIS      |
| AIRPORT POLLOCK  | English  | SUSAN       | DAVIS       |
| AIRPORT POLLOCK  | English  | LUCILLE     | DEE         |
| ALABAMA DEVIL    | English  | CHRISTIAN   | GABLE       |
| ALABAMA DEVIL    | English  | ELVIS       | MARX        |
| ALABAMA DEVIL    | English  | RIP         | CRAWFORD    |
| ALABAMA DEVIL    | English  | MENA        | TEMPLE      |
| ALABAMA DEVIL    | English  | RIP         | WINSLET     |
| ALABAMA DEVIL    | English  | WARREN      | NOLTE       |
| ALABAMA DEVIL    | English  | GRETA       | KEITEL      |
| ALABAMA DEVIL    | English  | WILLIAM     | HACKMAN     |
| ALABAMA DEVIL    | English  | MERYL       | ALLEN       |
| ALADDIN CALENDAR | English  | ALEC        | WAYNE       |
| ALADDIN CALENDAR | English  | JUDY        | DEAN        |
| ALADDIN CALENDAR | English  | VAL         | BOLGER      |
| ALADDIN CALENDAR | English  | RAY         | JOHANSSON   |
| ALADDIN CALENDAR | English  | RENEE       | TRACY       |
| ALADDIN CALENDAR | English  | JADA        | RYDER       |
| ALADDIN CALENDAR | English  | GRETA       | MALDEN      |
| ALADDIN CALENDAR | English  | ROCK        | DUKAKIS     |
| ALAMO VIDEOTAPE  | English  | JOHNNY      | CAGE        |
| ALAMO VIDEOTAPE  | English  | SCARLETT    | DAMON       |
| ALAMO VIDEOTAPE  | English  | SEAN        | GUINESS     |
| ALAMO VIDEOTAPE  | English  | MICHAEL     | BENING      |
| ALASKA PHANTOM   | English  | VAL         | BOLGER      |
| ALASKA PHANTOM   | English  | BURT        | POSEY       |
| ALASKA PHANTOM   | English  | SIDNEY      | CROWE       |
| ALASKA PHANTOM   | English  | SYLVESTER   | DERN        |
| ALASKA PHANTOM   | English  | ALBERT      | JOHANSSON   |
| ALASKA PHANTOM   | English  | GENE        | MCKELLEN    |
| ALASKA PHANTOM   | English  | JEFF        | SILVERSTONE |
| ALI FOREVER      | English  | CARY        | MCCONAUGHEY |
| ALI FOREVER      | English  | CHRISTOPHER | BERRY       |
| ALI FOREVER      | English  | KENNETH     | TORN        |
| ALI FOREVER      | English  | MORGAN      | MCDORMAND   |
| ALI FOREVER      | English  | JON         | CHASE       |
| ALICE FANTASIA   | English  | WOODY       | HOFFMAN     |
| ALICE FANTASIA   | English  | MINNIE      | ZELLWEGER   |
| ALICE FANTASIA   | English  | MORGAN      | WILLIAMS    |
| ALICE FANTASIA   | English  | ROCK        | DUKAKIS     |
| ALIEN CENTER     | English  | BURT        | DUKAKIS     |
| ALIEN CENTER     | English  | KENNETH     | PALTROW     |
| ALIEN CENTER     | English  | SIDNEY      | CROWE       |
| ALIEN CENTER     | English  | RENEE       | TRACY       |
| ALIEN CENTER     | English  | HUMPHREY    | WILLIS      |
| ALIEN CENTER     | English  | MENA        | HOPPER      |
| ALLEY EVOLUTION  | English  | KARL        | BERRY       |
| ALLEY EVOLUTION  | English  | JUDE        | CRUISE      |
| ALLEY EVOLUTION  | English  | ALBERT      | JOHANSSON   |
| ALLEY EVOLUTION  | English  | GREGORY     | GOODING     |
| ALLEY EVOLUTION  | English  | JOHN        | SUVARI      |
| ALONE TRIP       | English  | ED          | CHASE       |
| ALONE TRIP       | English  | KARL        | BERRY       |
| ALONE TRIP       | English  | UMA         | WOOD        |
| ALONE TRIP       | English  | WOODY       | JOLIE       |
| ALONE TRIP       | English  | SPENCER     | DEPP        |
| ALONE TRIP       | English  | CHRIS       | DEPP        |
| ALONE TRIP       | English  | LAURENCE    | BULLOCK     |
+------------------+----------+-------------+-------------+
100 rows in set (0.0067 sec)
 MySQL  localhost:3306 ssl  sakila  SQL >