C:\Users\JAVIERALONSOESPINOZA>mysqlsh
MySQL Shell 8.0.43

Copyright (c) 2016, 2025, Oracle and/or its affiliates.
Oracle is a registered trademark of Oracle Corporation and/or its affiliates.
Other names may be trademarks of their respective owners.

Type '\help' or '\?' for help; '\quit' to exit.
 MySQL  JS > \sql
Switching to SQL mode... Commands end with ;
 MySQL  SQL > \connect --mc root@localhost
Creating a Classic session to 'root@localhost'
Fetching global names for auto-completion... Press ^C to stop.
Your MySQL connection id is 11
Server version: 8.0.43 MySQL Community Server - GPL
No default schema selected; type \use <schema> to set one.
 MySQL  localhost:3306 ssl  SQL > create database tbd2;
Query OK, 1 row affected (0.0693 sec)
 MySQL  localhost:3306 ssl  SQL > use database tbd2;
Incorrect number of arguments for use command, usage:
\use <schema_name>
 MySQL  localhost:3306 ssl  SQL > use tbd2;
Default schema set to `tbd2`.
Fetching global names, object names from `tbd2` for auto-completion... Press ^C to stop.
 MySQL  localhost:3306 ssl  tbd2  SQL > create table clientes(
                                     -> id_cliente int not null auto_increment key,
                                     -> nombre varchar(50) not null,
                                     -> rfc varchar(13) not null)
                                     -> ;
Query OK, 0 rows affected (0.1230 sec)
 MySQL  localhost:3306 ssl  tbd2  SQL > inser into cliente(nombre, rfc)
                                     -> values("Jose",8472904928346),("Manuel",1234587283940),("Gilberto",fhfd938429);
ERROR: 1064 (42000): You have an error in your SQL syntax; check the manual that corresponds to your MySQL server version for the right syntax to use near 'inser into cliente(nombre, rfc)
values("Jose",8472904928346),("Manuel",123458728' at line 1
 MySQL  localhost:3306 ssl  tbd2  SQL > insert into cliente(nombre, rfc) values("Jose",8472904928346),("Manuel",1234587283940),("Gilberto",fhfd938429);
ERROR: 1146 (42S02): Table 'tbd2.cliente' doesn't exist
 MySQL  localhost:3306 ssl  tbd2  SQL > insert into clientes(nombre, rfc) values("Jose",8472904928346),("Manuel",1234587283940),("Gilberto",fhfd938429);
ERROR: 1054 (42S22): Unknown column 'fhfd938429' in 'field list'
 MySQL  localhost:3306 ssl  tbd2  SQL > insert into clientes(nombre, rfc) values("Jose","FJSKCS4928346"),("Manuel","HKSF87283940"),("Gilberto","fhfd938429");
Query OK, 3 rows affected (0.0179 sec)

Records: 3  Duplicates: 0  Warnings: 0
 MySQL  localhost:3306 ssl  tbd2  SQL > select * from clientes;
+------------+----------+---------------+
| id_cliente | nombre   | rfc           |
+------------+----------+---------------+
|          1 | Jose     | FJSKCS4928346 |
|          2 | Manuel   | HKSF87283940  |
|          3 | Gilberto | fhfd938429    |
+------------+----------+---------------+
3 rows in set (0.0006 sec)
 MySQL  localhost:3306 ssl  tbd2  SQL > create table venta(
                                     -> id_venta int not null auto_increment key,
                                     -> fecha date not null,
                                     -> id_cliente int not null,
                                     -> foreign key (id_cliente)
                                     -> references clientes(id_cliente));
Query OK, 0 rows affected (0.1230 sec)
 MySQL  localhost:3306 ssl  tbd2  SQL > show create table venta;
+-------+------------------------------------------------------------------------------------------------------------------------------------------------------------------------------------------------------------------------------------------------------------------------------------------------------------------------------------------------------+
| Table | Create Table                                                                                                                                                                                                                                                                                                                                         |
+-------+------------------------------------------------------------------------------------------------------------------------------------------------------------------------------------------------------------------------------------------------------------------------------------------------------------------------------------------------------+
| venta | CREATE TABLE `venta` (
  `id_venta` int NOT NULL AUTO_INCREMENT,
  `fecha` date NOT NULL,
  `id_cliente` int NOT NULL,
  PRIMARY KEY (`id_venta`),
  KEY `id_cliente` (`id_cliente`),
  CONSTRAINT `venta_ibfk_1` FOREIGN KEY (`id_cliente`) REFERENCES `clientes` (`id_cliente`)
) ENGINE=InnoDB DEFAULT CHARSET=utf8mb4 COLLATE=utf8mb4_0900_ai_ci |
+-------+------------------------------------------------------------------------------------------------------------------------------------------------------------------------------------------------------------------------------------------------------------------------------------------------------------------------------------------------------+
1 row in set (0.0074 sec)
 MySQL  localhost:3306 ssl  tbd2  SQL > insert into venta(fecha, id_cliente)
                                     -> value("2025-09-17",5);
ERROR: 1452 (23000): Cannot add or update a child row: a foreign key constraint fails (`tbd2`.`venta`, CONSTRAINT `venta_ibfk_1` FOREIGN KEY (`id_cliente`) REFERENCES `clientes` (`id_cliente`))
 MySQL  localhost:3306 ssl  tbd2  SQL > insert into venta(fecha, id_cliente) value("2025-09-17",1);
Query OK, 1 row affected (0.0105 sec)
 MySQL  localhost:3306 ssl  tbd2  SQL > insert into venta(fecha, id_cliente) value("2025-09-17",2);
Query OK, 1 row affected (0.0076 sec)
 MySQL  localhost:3306 ssl  tbd2  SQL > insert into venta(fecha, id_cliente) value("2025-09-16",3);
Query OK, 1 row affected (0.0089 sec)
 MySQL  localhost:3306 ssl  tbd2  SQL > insert into venta(fecha, id_cliente) value("2025-09-14",3);
Query OK, 1 row affected (0.0127 sec)
 MySQL  localhost:3306 ssl  tbd2  SQL > select * from venta;
+----------+------------+------------+
| id_venta | fecha      | id_cliente |
+----------+------------+------------+
|        2 | 2025-09-17 |          1 |
|        3 | 2025-09-17 |          2 |
|        4 | 2025-09-16 |          3 |
|        5 | 2025-09-14 |          3 |
+----------+------------+------------+
4 rows in set (0.0007 sec)
 MySQL  localhost:3306 ssl  tbd2  SQL > delete from cliente where id_cliente= 1;
ERROR: 1146 (42S02): Table 'tbd2.cliente' doesn't exist
 MySQL  localhost:3306 ssl  tbd2  SQL > delete from clientes where id_cliente= 1;
ERROR: 1451 (23000): Cannot delete or update a parent row: a foreign key constraint fails (`tbd2`.`venta`, CONSTRAINT `venta_ibfk_1` FOREIGN KEY (`id_cliente`) REFERENCES `clientes` (`id_cliente`))
 MySQL  localhost:3306 ssl  tbd2  SQL > delete from venta where id_cliente= 1;
Query OK, 1 row affected (0.0115 sec)
 MySQL  localhost:3306 ssl  tbd2  SQL > delete from clientes where id_cliente= 1;
Query OK, 1 row affected (0.0145 sec)
 MySQL  localhost:3306 ssl  tbd2  SQL > alter table venta
                                     -> drop constraint venta_ibfk_1;
Query OK, 0 rows affected (0.0352 sec)

Records: 0  Duplicates: 0  Warnings: 0
 MySQL  localhost:3306 ssl  tbd2  SQL > show create table venta;
+-------+--------------------------------------------------------------------------------------------------------------------------------------------------------------------------------------------------------------------------------------------------------------------------+
| Table | Create Table                                                                                                                                                                                                                                                             |
+-------+--------------------------------------------------------------------------------------------------------------------------------------------------------------------------------------------------------------------------------------------------------------------------+
| venta | CREATE TABLE `venta` (
  `id_venta` int NOT NULL AUTO_INCREMENT,
  `fecha` date NOT NULL,
  `id_cliente` int NOT NULL,
  PRIMARY KEY (`id_venta`),
  KEY `id_cliente` (`id_cliente`)
) ENGINE=InnoDB AUTO_INCREMENT=6 DEFAULT CHARSET=utf8mb4 COLLATE=utf8mb4_0900_ai_ci |
+-------+--------------------------------------------------------------------------------------------------------------------------------------------------------------------------------------------------------------------------------------------------------------------------+
1 row in set (0.0008 sec)
 MySQL  localhost:3306 ssl  tbd2  SQL > alter table venta
                                     -> add constraint foreign key (id_cliente)
                                     -> references clientes(id_cliente);
Query OK, 3 rows affected (0.1657 sec)

Records: 3  Duplicates: 0  Warnings: 0
 MySQL  localhost:3306 ssl  tbd2  SQL > show create table venta;
+-------+-----------------------------------------------------------------------------------------------------------------------------------------------------------------------------------------------------------------------------------------------------------------------------------------------------------------------------------------------------------------------+
| Table | Create Table                                                                                                                                                                                                                                                                                                                                                          |
+-------+-----------------------------------------------------------------------------------------------------------------------------------------------------------------------------------------------------------------------------------------------------------------------------------------------------------------------------------------------------------------------+
| venta | CREATE TABLE `venta` (
  `id_venta` int NOT NULL AUTO_INCREMENT,
  `fecha` date NOT NULL,
  `id_cliente` int NOT NULL,
  PRIMARY KEY (`id_venta`),
  KEY `id_cliente` (`id_cliente`),
  CONSTRAINT `venta_ibfk_1` FOREIGN KEY (`id_cliente`) REFERENCES `clientes` (`id_cliente`)
) ENGINE=InnoDB AUTO_INCREMENT=6 DEFAULT CHARSET=utf8mb4 COLLATE=utf8mb4_0900_ai_ci |
+-------+-----------------------------------------------------------------------------------------------------------------------------------------------------------------------------------------------------------------------------------------------------------------------------------------------------------------------------------------------------------------------+
1 row in set (0.0009 sec)
 MySQL  localhost:3306 ssl  tbd2  SQL > create table producto(
                                     -> id_producto int not null auto_increment key,
                                     -> nombre varchar(50) not null,
                                     -> precio decimal(8,2) not null);
Query OK, 0 rows affected (0.0515 sec)
 MySQL  localhost:3306 ssl  tbd2  SQL > insert into producto(nombre, precio)
                                     -> values("Celular",10000.0),("TV",15374.3),("Laptop",20849.48);
Query OK, 3 rows affected (0.0102 sec)

Records: 3  Duplicates: 0  Warnings: 0
 MySQL  localhost:3306 ssl  tbd2  SQL > select * from producto:
                                     -> ;
ERROR: 1064 (42000): You have an error in your SQL syntax; check the manual that corresponds to your MySQL server version for the right syntax to use near ':' at line 1
 MySQL  localhost:3306 ssl  tbd2  SQL > select * from producto;
+-------------+---------+----------+
| id_producto | nombre  | precio   |
+-------------+---------+----------+
|           1 | Celular | 10000.00 |
|           2 | TV      | 15374.30 |
|           3 | Laptop  | 20849.48 |
+-------------+---------+----------+
3 rows in set (0.0007 sec)
 MySQL  localhost:3306 ssl  tbd2  SQL > create table ventadetalle(
                                     -> id_ventadetalle int not null auto_increment key,
                                     -> id_venta int not null,
                                     -> id_producto int not null,
                                     -> cantidad int,
                                     -> foreign key(id_venta) references venta(id_venta),
                                     -> foreign key(id_producto) references producto(id_producto));
Query OK, 0 rows affected (0.0978 sec)
 MySQL  localhost:3306 ssl  tbd2  SQL > show create table ventadetalle;
+--------------+----------------------------------------------------------------------------------------------------------------------------------------------------------------------------------------------------------------------------------------------------------------------------------------------------------------------------------------------------------------------------------------------------------------------------------------------------------------------------------------------------------------------------------------------------+
| Table        | Create Table                                                                                                                                                                                                                                                                                                                                                                                                                                                                                                                                       |
+--------------+----------------------------------------------------------------------------------------------------------------------------------------------------------------------------------------------------------------------------------------------------------------------------------------------------------------------------------------------------------------------------------------------------------------------------------------------------------------------------------------------------------------------------------------------------+
| ventadetalle | CREATE TABLE `ventadetalle` (
  `id_ventadetalle` int NOT NULL AUTO_INCREMENT,
  `id_venta` int NOT NULL,
  `id_producto` int NOT NULL,
  `cantidad` int DEFAULT NULL,
  PRIMARY KEY (`id_ventadetalle`),
  KEY `id_venta` (`id_venta`),
  KEY `id_producto` (`id_producto`),
  CONSTRAINT `ventadetalle_ibfk_1` FOREIGN KEY (`id_venta`) REFERENCES `venta` (`id_venta`),
  CONSTRAINT `ventadetalle_ibfk_2` FOREIGN KEY (`id_producto`) REFERENCES `producto` (`id_producto`)
) ENGINE=InnoDB DEFAULT CHARSET=utf8mb4 COLLATE=utf8mb4_0900_ai_ci |
+--------------+----------------------------------------------------------------------------------------------------------------------------------------------------------------------------------------------------------------------------------------------------------------------------------------------------------------------------------------------------------------------------------------------------------------------------------------------------------------------------------------------------------------------------------------------------+
1 row in set (0.0022 sec)
 MySQL  localhost:3306 ssl  tbd2  SQL > select * from venta;
+----------+------------+------------+
| id_venta | fecha      | id_cliente |
+----------+------------+------------+
|        3 | 2025-09-17 |          2 |
|        4 | 2025-09-16 |          3 |
|        5 | 2025-09-14 |          3 |
+----------+------------+------------+
3 rows in set (0.0025 sec)
 MySQL  localhost:3306 ssl  tbd2  SQL > select * from producto;
+-------------+---------+----------+
| id_producto | nombre  | precio   |
+-------------+---------+----------+
|           1 | Celular | 10000.00 |
|           2 | TV      | 15374.30 |
|           3 | Laptop  | 20849.48 |
+-------------+---------+----------+
3 rows in set (0.0019 sec)
 MySQL  localhost:3306 ssl  tbd2  SQL > insert into ventadetalle(id_venta, id_producto, cantidad)
                                     -> values(3,1,5),(4,2,10),(5,3,8),(3,3,8);
Query OK, 4 rows affected (0.0119 sec)

Records: 4  Duplicates: 0  Warnings: 0
 MySQL  localhost:3306 ssl  tbd2  SQL > insert into ventadetalle(id_venta, id_producto, cantidad) values(3,1,5),(4,2,10),(5,3,8),(9,3,8);
ERROR: 1452 (23000): Cannot add or update a child row: a foreign key constraint fails (`tbd2`.`ventadetalle`, CONSTRAINT `ventadetalle_ibfk_1` FOREIGN KEY (`id_venta`) REFERENCES `venta` (`id_venta`))
 MySQL  localhost:3306 ssl  tbd2  SQL > insert into ventadetalle(id_venta, id_producto, cantidad) values(3,1,5),(4,2,10),(5,3,8),(3,4,8);
ERROR: 1452 (23000): Cannot add or update a child row: a foreign key constraint fails (`tbd2`.`ventadetalle`, CONSTRAINT `ventadetalle_ibfk_2` FOREIGN KEY (`id_producto`) REFERENCES `producto` (`id_producto`))
 MySQL  localhost:3306 ssl  tbd2  SQL > delete from producto where = 1;
ERROR: 1064 (42000): You have an error in your SQL syntax; check the manual that corresponds to your MySQL server version for the right syntax to use near '= 1' at line 1
 MySQL  localhost:3306 ssl  tbd2  SQL > select * from ventadetalle;
+-----------------+----------+-------------+----------+
| id_ventadetalle | id_venta | id_producto | cantidad |
+-----------------+----------+-------------+----------+
|               1 |        3 |           1 |        5 |
|               2 |        4 |           2 |       10 |
|               3 |        5 |           3 |        8 |
|               4 |        3 |           3 |        8 |
+-----------------+----------+-------------+----------+
4 rows in set (0.0006 sec)
 MySQL  localhost:3306 ssl  tbd2  SQL > show tables;
+----------------+
| Tables_in_tbd2 |
+----------------+
| clientes       |
| producto       |
| venta          |
| ventadetalle   |
+----------------+
4 rows in set (0.0207 sec)
 MySQL  localhost:3306 ssl  tbd2  SQL >