 EVA2_9_USERS
MySQL  localhost:3306 ssl  sakila  SQL > use tbd2;
Default schema set to `tbd2`.
Fetching global names, object names from `tbd2` for auto-completion... Press ^C to stop.
 MySQL  localhost:3306 ssl  tbd2  SQL > desc tbd2;
ERROR: 1146 (42S02): Table 'tbd2.tbd2' doesn't exist
 MySQL  localhost:3306 ssl  tbd2  SQL > show tables;
+-----------------+
| Tables_in_tbd2  |
+-----------------+
| asignatura      |
| clientes        |
| detalle_horario |
| estudiante      |
| horario         |
| producto        |
| venta           |
| ventadetalle    |
+-----------------+
8 rows in set (0.0179 sec)
 MySQL  localhost:3306 ssl  tbd2  SQL > create table tablaA(
                                     -> id int,
                                     -> valor varchar(1));
Query OK, 0 rows affected (0.2400 sec)
 MySQL  localhost:3306 ssl  tbd2  SQL > create table tablaB( id int, valor varchar(1));
Query OK, 0 rows affected (0.0464 sec)
 MySQL  localhost:3306 ssl  tbd2  SQL > insert into tablaA
                                     -> values(1,"A"),(2,"B"),(3,"C"),(4,"D");
Query OK, 4 rows affected (0.0233 sec)

Records: 4  Duplicates: 0  Warnings: 0
 MySQL  localhost:3306 ssl  tbd2  SQL > insert into tablaB values(1,"X"),(2,"Y"),(3,"Z"),(4,"A"), (5,"B");
Query OK, 5 rows affected (0.0284 sec)

Records: 5  Duplicates: 0  Warnings: 0
 MySQL  localhost:3306 ssl  tbd2  SQL > select * from tablaA;
+----+-------+
| id | valor |
+----+-------+
|  1 | A     |
|  2 | B     |
|  3 | C     |
|  4 | D     |
+----+-------+
4 rows in set (0.0014 sec)
 MySQL  localhost:3306 ssl  tbd2  SQL > select * from tablaB;
+----+-------+
| id | valor |
+----+-------+
|  1 | X     |
|  2 | Y     |
|  3 | Z     |
|  4 | A     |
|  5 | B     |
+----+-------+
5 rows in set (0.0008 sec)
 MySQL  localhost:3306 ssl  tbd2  SQL > select * from tablaA
                                     -> union
                                     -> select * from tablaB;
+----+-------+
| id | valor |
+----+-------+
|  1 | A     |
|  2 | B     |
|  3 | C     |
|  4 | D     |
|  1 | X     |
|  2 | Y     |
|  3 | Z     |
|  4 | A     |
|  5 | B     |
+----+-------+
9 rows in set (0.0086 sec)
 MySQL  localhost:3306 ssl  tbd2  SQL > select * from tablaA where valor in (select distinct valor from tablaB);
+----+-------+
| id | valor |
+----+-------+
|  1 | A     |
|  2 | B     |
+----+-------+
2 rows in set (0.0076 sec)
 MySQL  localhost:3306 ssl  tbd2  SQL > select * from tablaA where valor not in (select distinct valor from tablaB);
+----+-------+
| id | valor |
+----+-------+
|  3 | C     |
|  4 | D     |
+----+-------+
2 rows in set (0.0074 sec)
 MySQL  localhost:3306 ssl  tbd2  SQL > select a.valor, b.valor from tablaA a, tablaB b;
+-------+-------+
| valor | valor |
+-------+-------+
| D     | X     |
| C     | X     |
| B     | X     |
| A     | X     |
| D     | Y     |
| C     | Y     |
| B     | Y     |
| A     | Y     |
| D     | Z     |
| C     | Z     |
| B     | Z     |
| A     | Z     |
| D     | A     |
| C     | A     |
| B     | A     |
| A     | A     |
| D     | B     |
| C     | B     |
| B     | B     |
| A     | B     |
+-------+-------+
20 rows in set (0.0013 sec)
 MySQL  localhost:3306 ssl  tbd2  SQL > use mysql;
Default schema set to `mysql`.
Fetching global names, object names from `mysql` for auto-completion... Press ^C to stop.
 MySQL  localhost:3306 ssl  mysql  SQL > select * from user;
+-----------+------------------+-------------+-------------+-------------+-------------+-------------+-----------+-------------+---------------+--------------+-----------+------------+-----------------+------------+------------+--------------+------------+-----------------------+------------------+--------------+-----------------+------------------+------------------+----------------+---------------------+--------------------+------------------+------------+--------------+------------------------+----------+------------+-------------+--------------+---------------+-------------+-----------------+----------------------+-----------------------+------------------------------------------------------------------------+------------------+-----------------------+-------------------+----------------+------------------+----------------+------------------------+---------------------+--------------------------+-----------------+
| Host      | User             | Select_priv | Insert_priv | Update_priv | Delete_priv | Create_priv | Drop_priv | Reload_priv | Shutdown_priv | Process_priv | File_priv | Grant_priv | References_priv | Index_priv | Alter_priv | Show_db_priv | Super_priv | Create_tmp_table_priv | Lock_tables_priv | Execute_priv | Repl_slave_priv | Repl_client_priv | Create_view_priv | Show_view_priv | Create_routine_priv | Alter_routine_priv | Create_user_priv | Event_priv | Trigger_priv | Create_tablespace_priv | ssl_type | ssl_cipher | x509_issuer | x509_subject | max_questions | max_updates | max_connections | max_user_connections | plugin                | authentication_string                                                  | password_expired | password_last_changed | password_lifetime | account_locked | Create_role_priv | Drop_role_priv | Password_reuse_history | Password_reuse_time | Password_require_current | User_attributes |
+-----------+------------------+-------------+-------------+-------------+-------------+-------------+-----------+-------------+---------------+--------------+-----------+------------+-----------------+------------+------------+--------------+------------+-----------------------+------------------+--------------+-----------------+------------------+------------------+----------------+---------------------+--------------------+------------------+------------+--------------+------------------------+----------+------------+-------------+--------------+---------------+-------------+-----------------+----------------------+-----------------------+------------------------------------------------------------------------+------------------+-----------------------+-------------------+----------------+------------------+----------------+------------------------+---------------------+--------------------------+-----------------+
| localhost | mysql.infoschema | Y           | N           | N           | N           | N           | N         | N           | N             | N            | N         | N          | N               | N          | N          | N            | N          | N                     | N                | N            | N               | N                | N                | N              | N                   | N                  | N                | N          | N            | N                      |          | 0x         | 0x          | 0x           |             0 |           0 |               0 |                    0 | caching_sha2_password | $A$005$THISISACOMBINATIONOFINVALIDSALTANDPASSWORDTHATMUSTNEVERBRBEUSED | N                | 2025-09-08 16:54:48   |              NULL | Y              | N                | N              |                   NULL |                NULL | NULL                     | NULL            |
| localhost | mysql.session    | N           | N           | N           | N           | N           | N         | N           | Y             | N            | N         | N          | N               | N          | N          | N            | Y          | N                     | N                | N            | N               | N                | N                | N              | N                   | N                  | N                | N          | N            | N                      |          | 0x         | 0x          | 0x           |             0 |           0 |               0 |                    0 | caching_sha2_password | $A$005$THISISACOMBINATIONOFINVALIDSALTANDPASSWORDTHATMUSTNEVERBRBEUSED | N                | 2025-09-08 16:54:48   |              NULL | Y              | N                | N              |                   NULL |                NULL | NULL                     | NULL            |
| localhost | mysql.sys        | N           | N           | N           | N           | N           | N         | N           | N             | N            | N         | N          | N               | N          | N          | N            | N          | N                     | N                | N            | N               | N                | N                | N              | N                   | N                  | N                | N          | N            | N                      |          | 0x         | 0x          | 0x           |             0 |           0 |               0 |                    0 | caching_sha2_password | $A$005$THISISACOMBINATIONOFINVALIDSALTANDPASSWORDTHATMUSTNEVERBRBEUSED | N                | 2025-09-08 16:54:48   |              NULL | Y              | N                | N              |                   NULL |                NULL | NULL                     | NULL            |
| localhost | root             | Y           | Y           | Y           | Y           | Y           | Y         | Y           | Y             | Y            | Y         | Y          | Y               | Y          | Y          | Y            | Y          | Y                     | Y                | Y            | Y               | Y                | Y                | Y              | Y                   | Y                  | Y                | Y          | Y            | Y                      |          | 0x         | 0x          | 0x           |             0 |           0 |               0 |                    0 | caching_sha2_password | $A$005$Ra6NIWO#Qf&<1zRDWqm.pvlKTp4/Bzt2MslrpM5W6zpLEiYWW0n9216 | N                | 2025-09-08 16:54:58   |              NULL | N              | Y                | Y              |                   NULL |                NULL | NULL                     | NULL            |
+-----------+------------------+-------------+-------------+-------------+-------------+-------------+-----------+-------------+---------------+--------------+-----------+------------+-----------------+------------+------------+--------------+------------+-----------------------+------------------+--------------+-----------------+------------------+------------------+----------------+---------------------+--------------------+------------------+------------+--------------+------------------------+----------+------------+-------------+--------------+---------------+-------------+-----------------+----------------------+-----------------------+------------------------------------------------------------------------+------------------+-----------------------+-------------------+----------------+------------------+----------------+------------------------+---------------------+--------------------------+-----------------+
4 rows in set (0.0080 sec)
 MySQL  localhost:3306 ssl  mysql  SQL > create user "prueba"@"localhost"
                                      -> identified by "xxx.123";
Query OK, 0 rows affected (0.1056 sec)
 MySQL  localhost:3306 ssl  mysql  SQL > select * from user;
+-----------+------------------+-------------+-------------+-------------+-------------+-------------+-----------+-------------+---------------+--------------+-----------+------------+-----------------+------------+------------+--------------+------------+-----------------------+------------------+--------------+-----------------+------------------+------------------+----------------+---------------------+--------------------+------------------+------------+--------------+------------------------+----------+------------+-------------+--------------+---------------+-------------+-----------------+----------------------+-----------------------+------------------------------------------------------------------------+------------------+-----------------------+-------------------+----------------+------------------+----------------+------------------------+---------------------+--------------------------+-----------------+
| Host      | User             | Select_priv | Insert_priv | Update_priv | Delete_priv | Create_priv | Drop_priv | Reload_priv | Shutdown_priv | Process_priv | File_priv | Grant_priv | References_priv | Index_priv | Alter_priv | Show_db_priv | Super_priv | Create_tmp_table_priv | Lock_tables_priv | Execute_priv | Repl_slave_priv | Repl_client_priv | Create_view_priv | Show_view_priv | Create_routine_priv | Alter_routine_priv | Create_user_priv | Event_priv | Trigger_priv | Create_tablespace_priv | ssl_type | ssl_cipher | x509_issuer | x509_subject | max_questions | max_updates | max_connections | max_user_connections | plugin                | authentication_string                                                  | password_expired | password_last_changed | password_lifetime | account_locked | Create_role_priv | Drop_role_priv | Password_reuse_history | Password_reuse_time | Password_require_current | User_attributes |
+-----------+------------------+-------------+-------------+-------------+-------------+-------------+-----------+-------------+---------------+--------------+-----------+------------+-----------------+------------+------------+--------------+------------+-----------------------+------------------+--------------+-----------------+------------------+------------------+----------------+---------------------+--------------------+------------------+------------+--------------+------------------------+----------+------------+-------------+--------------+---------------+-------------+-----------------+----------------------+-----------------------+------------------------------------------------------------------------+------------------+-----------------------+-------------------+----------------+------------------+----------------+------------------------+---------------------+--------------------------+-----------------+
| localhost | mysql.infoschema | Y           | N           | N           | N           | N           | N         | N           | N             | N            | N         | N          | N               | N          | N          | N            | N          | N                     | N                | N            | N               | N                | N                | N              | N                   | N                  | N                | N          | N            | N                      |          | 0x         | 0x          | 0x           |             0 |           0 |               0 |                    0 | caching_sha2_password | $A$005$THISISACOMBINATIONOFINVALIDSALTANDPASSWORDTHATMUSTNEVERBRBEUSED | N                | 2025-09-08 16:54:48   |              NULL | Y              | N                | N              |                   NULL |                NULL | NULL                     | NULL            |
| localhost | mysql.session    | N           | N           | N           | N           | N           | N         | N           | Y             | N            | N         | N          | N               | N          | N          | N            | Y          | N                     | N                | N            | N               | N                | N                | N              | N                   | N                  | N                | N          | N            | N                      |          | 0x         | 0x          | 0x           |             0 |           0 |               0 |                    0 | caching_sha2_password | $A$005$THISISACOMBINATIONOFINVALIDSALTANDPASSWORDTHATMUSTNEVERBRBEUSED | N                | 2025-09-08 16:54:48   |              NULL | Y              | N                | N              |                   NULL |                NULL | NULL                     | NULL            |
| localhost | mysql.sys        | N           | N           | N           | N           | N           | N         | N           | N             | N            | N         | N          | N               | N          | N          | N            | N          | N                     | N                | N            | N               | N                | N                | N              | N                   | N                  | N                | N          | N            | N                      |          | 0x         | 0x          | 0x           |             0 |           0 |               0 |                    0 | caching_sha2_password | $A$005$THISISACOMBINATIONOFINVALIDSALTANDPASSWORDTHATMUSTNEVERBRBEUSED | N                | 2025-09-08 16:54:48   |              NULL | Y              | N                | N              |                   NULL |                NULL | NULL                     | NULL            |
| localhost | prueba           | N           | N           | N           | N           | N           | N         | N           | N             | N            | N         | N          | N               | N          | N          | N            | N          | N                     | N                | N            | N               | N                | N                | N              | N                   | N                  | N                | N          | N            | N                      |          | 0x         | 0x          | 0x           |             0 |           0 |               0 |                    0 | caching_sha2_password | $A$005$60=u> @M4??
NKlK22MJWf94xDY62kh75fzm2fvGyZhJk/HPC6kuBgv/ | N                | 2025-10-15 19:25:57   |              NULL | N              | N                | N              |                   NULL |                NULL | NULL                     | NULL            |
| localhost | root             | Y           | Y           | Y           | Y           | Y           | Y         | Y           | Y             | Y            | Y         | Y          | Y               | Y          | Y          | Y            | Y          | Y                     | Y                | Y            | Y               | Y                | Y                | Y              | Y                   | Y                  | Y                | Y          | Y            | Y                      |          | 0x         | 0x          | 0x           |             0 |           0 |               0 |                    0 | caching_sha2_password | $A$005$Ra6NIWO#Qf&<1zRDWqm.pvlKTp4/Bzt2MslrpM5W6zpLEiYWW0n9216 | N                | 2025-09-08 16:54:58   |              NULL | N              | Y                | Y              |                   NULL |                NULL | NULL                     | NULL            |
+-----------+------------------+-------------+-------------+-------------+-------------+-------------+-----------+-------------+---------------+--------------+-----------+------------+-----------------+------------+------------+--------------+------------+-----------------------+------------------+--------------+-----------------+------------------+------------------+----------------+---------------------+--------------------+------------------+------------+--------------+------------------------+----------+------------+-------------+--------------+---------------+-------------+-----------------+----------------------+-----------------------+------------------------------------------------------------------------+------------------+-----------------------+-------------------+----------------+------------------+----------------+------------------------+---------------------+--------------------------+-----------------+
5 rows in set (0.0060 sec)
 MySQL  localhost:3306 ssl  mysql  SQL > \connect --mc prueba@localhost
Creating a Classic session to 'prueba@localhost'
Please provide the password for 'prueba@localhost': *******
Save password for 'prueba@localhost'? [Y]es/[N]o/Ne[v]er (default No): n
Fetching global names for auto-completion... Press ^C to stop.
Error during auto-completion cache update: Access denied; you need (at least one of) the PROCESS privilege(s) for this operation
Closing old connection...
Your MySQL connection id is 37
Server version: 8.0.43 MySQL Community Server - GPL
No default schema selected; type \use <schema> to set one.
 MySQL  localhost:3306 ssl  SQL > show database;
ERROR: 1064 (42000): You have an error in your SQL syntax; check the manual that corresponds to your MySQL server version for the right syntax to use near 'database' at line 1
 MySQL  localhost:3306 ssl  SQL > show databases;
+--------------------+
| Database           |
+--------------------+
| information_schema |
| performance_schema |
+--------------------+
2 rows in set (0.0076 sec)
 MySQL  localhost:3306 ssl  SQL > create database mi_prueba;
ERROR: 1044 (42000): Access denied for user 'prueba'@'localhost' to database 'mi_prueba'
 MySQL  localhost:3306 ssl  SQL > use information_schema;
Default schema set to `information_schema`.
Fetching global names, object names from `information_schema` for auto-completion... Press ^C to stop.
 MySQL  localhost:3306 ssl  information_schema  SQL > show tables;
+---------------------------------------+
| Tables_in_information_schema          |
+---------------------------------------+
| ADMINISTRABLE_ROLE_AUTHORIZATIONS     |
| APPLICABLE_ROLES                      |
| CHARACTER_SETS                        |
| CHECK_CONSTRAINTS                     |
| COLLATION_CHARACTER_SET_APPLICABILITY |
| COLLATIONS                            |
| COLUMN_PRIVILEGES                     |
| COLUMN_STATISTICS                     |
| COLUMNS                               |
| COLUMNS_EXTENSIONS                    |
| ENABLED_ROLES                         |
| ENGINES                               |
| EVENTS                                |
| FILES                                 |
| INNODB_BUFFER_PAGE                    |
| INNODB_BUFFER_PAGE_LRU                |
| INNODB_BUFFER_POOL_STATS              |
| INNODB_CACHED_INDEXES                 |
| INNODB_CMP                            |
| INNODB_CMP_PER_INDEX                  |
| INNODB_CMP_PER_INDEX_RESET            |
| INNODB_CMP_RESET                      |
| INNODB_CMPMEM                         |
| INNODB_CMPMEM_RESET                   |
| INNODB_COLUMNS                        |
| INNODB_DATAFILES                      |
| INNODB_FIELDS                         |
| INNODB_FOREIGN                        |
| INNODB_FOREIGN_COLS                   |
| INNODB_FT_BEING_DELETED               |
| INNODB_FT_CONFIG                      |
| INNODB_FT_DEFAULT_STOPWORD            |
| INNODB_FT_DELETED                     |
| INNODB_FT_INDEX_CACHE                 |
| INNODB_FT_INDEX_TABLE                 |
| INNODB_INDEXES                        |
| INNODB_METRICS                        |
| INNODB_SESSION_TEMP_TABLESPACES       |
| INNODB_TABLES                         |
| INNODB_TABLESPACES                    |
| INNODB_TABLESPACES_BRIEF              |
| INNODB_TABLESTATS                     |
| INNODB_TEMP_TABLE_INFO                |
| INNODB_TRX                            |
| INNODB_VIRTUAL                        |
| KEY_COLUMN_USAGE                      |
| KEYWORDS                              |
| OPTIMIZER_TRACE                       |
| PARAMETERS                            |
| PARTITIONS                            |
| PLUGINS                               |
| PROCESSLIST                           |
| PROFILING                             |
| REFERENTIAL_CONSTRAINTS               |
| RESOURCE_GROUPS                       |
| ROLE_COLUMN_GRANTS                    |
| ROLE_ROUTINE_GRANTS                   |
| ROLE_TABLE_GRANTS                     |
| ROUTINES                              |
| SCHEMA_PRIVILEGES                     |
| SCHEMATA                              |
| SCHEMATA_EXTENSIONS                   |
| ST_GEOMETRY_COLUMNS                   |
| ST_SPATIAL_REFERENCE_SYSTEMS          |
| ST_UNITS_OF_MEASURE                   |
| STATISTICS                            |
| TABLE_CONSTRAINTS                     |
| TABLE_CONSTRAINTS_EXTENSIONS          |
| TABLE_PRIVILEGES                      |
| TABLES                                |
| TABLES_EXTENSIONS                     |
| TABLESPACES                           |
| TABLESPACES_EXTENSIONS                |
| TRIGGERS                              |
| USER_ATTRIBUTES                       |
| USER_PRIVILEGES                       |
| VIEW_ROUTINE_USAGE                    |
| VIEW_TABLE_USAGE                      |
| VIEWS                                 |
+---------------------------------------+
79 rows in set (0.0084 sec)
 MySQL  localhost:3306 ssl  information_schema  SQL > select * from views;
Empty set (0.0354 sec)
 MySQL  localhost:3306 ssl  information_schema  SQL > create table tablax;
ERROR: 1044 (42000): Access denied for user 'prueba'@'localhost' to database 'information_schema'
 MySQL  localhost:3306 ssl  information_schema  SQL >  \connect --mc root@localhost
Creating a Classic session to 'root@localhost'
Fetching global names for auto-completion... Press ^C to stop.
Closing old connection...
Your MySQL connection id is 38
Server version: 8.0.43 MySQL Community Server - GPL
No default schema selected; type \use <schema> to set one.
 MySQL  localhost:3306 ssl  SQL > show databases;
+--------------------+
| Database           |
+--------------------+
| information_schema |
| mysql              |
| orders             |
| performance_schema |
| prueba             |
| sakila             |
| sys                |
| tbd1               |
| tbd2               |
| world              |
+--------------------+
10 rows in set (0.0019 sec)
 MySQL  localhost:3306 ssl  SQL > grant all on tbd2.* to "prueba"@"localhost";
Query OK, 0 rows affected (0.0184 sec)
 MySQL  localhost:3306 ssl  SQL > \connect --mc prueba@localhost
Creating a Classic session to 'prueba@localhost'
Please provide the password for 'prueba@localhost': *******
Save password for 'prueba@localhost'? [Y]es/[N]o/Ne[v]er (default No): n
Fetching global names for auto-completion... Press ^C to stop.
Error during auto-completion cache update: Access denied; you need (at least one of) the PROCESS privilege(s) for this operation
Closing old connection...
Your MySQL connection id is 39
Server version: 8.0.43 MySQL Community Server - GPL
No default schema selected; type \use <schema> to set one.
 MySQL  localhost:3306 ssl  SQL > show databases;
+--------------------+
| Database           |
+--------------------+
| information_schema |
| performance_schema |
| tbd2               |
+--------------------+
3 rows in set (0.0075 sec)
 MySQL  localhost:3306 ssl  SQL > create database pruebaZ;
ERROR: 1044 (42000): Access denied for user 'prueba'@'localhost' to database 'pruebaz'
 MySQL  localhost:3306 ssl  SQL > use tbd2;
Default schema set to `tbd2`.
Fetching global names, object names from `tbd2` for auto-completion... Press ^C to stop.
 MySQL  localhost:3306 ssl  tbd2  SQL > show tables;
+-----------------+
| Tables_in_tbd2  |
+-----------------+
| asignatura      |
| clientes        |
| detalle_horario |
| estudiante      |
| horario         |
| producto        |
| tablaa          |
| tablab          |
| venta           |
| ventadetalle    |
+-----------------+
10 rows in set (0.0072 sec)
 MySQL  localhost:3306 ssl  tbd2  SQL > create table prueba(id int);
Query OK, 0 rows affected (0.0549 sec)
 MySQL  localhost:3306 ssl  tbd2  SQL > \connect --mc root@localhost
Creating a Classic session to 'root@localhost'
Fetching global names for auto-completion... Press ^C to stop.
Closing old connection...
Your MySQL connection id is 40
Server version: 8.0.43 MySQL Community Server - GPL
No default schema selected; type \use <schema> to set one.
 MySQL  localhost:3306 ssl  SQL > create user "prueba2"@"localhost" identified by "xxx.123"
                               -> ;
Query OK, 0 rows affected (0.0310 sec)
 MySQL  localhost:3306 ssl  SQL > grant selecet on tbd2.tablaA to "prueba2"@"localhost";
ERROR: 3619 (HY000): Illegal privilege level specified for tablaa
 MySQL  localhost:3306 ssl  SQL > grant select on tbd2.tablaA to "prueba2"@"localhost";
Query OK, 0 rows affected (0.0064 sec)
 MySQL  localhost:3306 ssl  SQL > \connect --mc prueba2@localhost
Creating a Classic session to 'prueba2@localhost'
Please provide the password for 'prueba2@localhost': *******
Save password for 'prueba2@localhost'? [Y]es/[N]o/Ne[v]er (default No): n
Fetching global names for auto-completion... Press ^C to stop.
Error during auto-completion cache update: Access denied; you need (at least one of) the PROCESS privilege(s) for this operation
Closing old connection...
Your MySQL connection id is 41
Server version: 8.0.43 MySQL Community Server - GPL
No default schema selected; type \use <schema> to set one.
 MySQL  localhost:3306 ssl  SQL > show databases;
+--------------------+
| Database           |
+--------------------+
| information_schema |
| performance_schema |
| tbd2               |
+--------------------+
3 rows in set (0.0064 sec)
 MySQL  localhost:3306 ssl  SQL > use tbd2;
Default schema set to `tbd2`.
Fetching global names, object names from `tbd2` for auto-completion... Press ^C to stop.
 MySQL  localhost:3306 ssl  tbd2  SQL > show tables;
+----------------+
| Tables_in_tbd2 |
+----------------+
| tablaa         |
+----------------+
1 row in set (0.0025 sec)
 MySQL  localhost:3306 ssl  tbd2  SQL > select * from tablaa;
+----+-------+
| id | valor |
+----+-------+
|  1 | A     |
|  2 | B     |
|  3 | C     |
|  4 | D     |
+----+-------+
4 rows in set (0.0011 sec)
 MySQL  localhost:3306 ssl  tbd2  SQL > insert into tablaa value(1,"w");
ERROR: 1142 (42000): INSERT command denied to user 'prueba2'@'localhost' for table 'tablaa'
 MySQL  localhost:3306 ssl  tbd2  SQL > \connect --mc root@localhost
Creating a Classic session to 'root@localhost'
Fetching global names for auto-completion... Press ^C to stop.
Closing old connection...
Your MySQL connection id is 42
Server version: 8.0.43 MySQL Community Server - GPL
No default schema selected; type \use <schema> to set one.
 MySQL  localhost:3306 ssl  SQL > create user "prueba3"@"localhost" identified by "xxx.123";
Query OK, 0 rows affected (0.0296 sec)
 MySQL  localhost:3306 ssl  SQL > grant select(valor) on tbd2.tablaa to "prueba3"@"localhost";
Query OK, 0 rows affected (0.0091 sec)
 MySQL  localhost:3306 ssl  SQL > \connect --mc prueba3@localhost
Creating a Classic session to 'prueba3@localhost'
Please provide the password for 'prueba3@localhost': *******
Save password for 'prueba3@localhost'? [Y]es/[N]o/Ne[v]er (default No): n
Fetching global names for auto-completion... Press ^C to stop.
Error during auto-completion cache update: Access denied; you need (at least one of) the PROCESS privilege(s) for this operation
Closing old connection...
Your MySQL connection id is 43
Server version: 8.0.43 MySQL Community Server - GPL
No default schema selected; type \use <schema> to set one.
 MySQL  localhost:3306 ssl  SQL > use tbd2;
Default schema set to `tbd2`.
Fetching global names, object names from `tbd2` for auto-completion... Press ^C to stop.
 MySQL  localhost:3306 ssl  tbd2  SQL > show tables;
+----------------+
| Tables_in_tbd2 |
+----------------+
| tablaa         |
+----------------+
1 row in set (0.0023 sec)
 MySQL  localhost:3306 ssl  tbd2  SQL > select * from tablaa;
ERROR: 1143 (42000): SELECT command denied to user 'prueba3'@'localhost' for column 'id' in table 'tablaa'
 MySQL  localhost:3306 ssl  tbd2  SQL > select valor from tablaa;
+-------+
| valor |
+-------+
| A     |
| B     |
| C     |
| D     |
+-------+
4 rows in set (0.0013 sec)
 MySQL  localhost:3306 ssl  tbd2  SQL >